// Vitest Snapshot v1, https://vitest.dev/guide/snapshot.html

exports[`<Tabs /> > should allow id overriding 1`] = `
<div
  class="theme_OD_Base__j49br80"
  data-od-component="provider"
>
  <div
    class="elementReset_resetVariants__18vhvlid elementReset_resetVariants_as_div__18vhvlie elementReset_block__18vhvli4 sprinkles_alignItems_center_mobile__onxwjulb TabList_styledTabList__1cu98lp0 TabList_styledTabList_appearance_underlined__1cu98lp1"
  >
    <div
      class="elementReset_resetVariants__18vhvlid elementReset_resetVariants_as_div__18vhvlie elementReset_block__18vhvli4"
    >
      <div
        aria-orientation="horizontal"
        class="elementReset_resetVariants__18vhvlid elementReset_resetVariants_as_div__18vhvlie elementReset_block__18vhvli4 sprinkles_display_block_mobile__onxwju6v sprinkles_width_full_mobile__onxwjufn sprinkles_flexWrap_nowrap_mobile__onxwjupf typography_typographyStyles__yhjp331j typography_typographyStyles_as_span__yhjp331m  typography_typographyStyles_noWrap_true__yhjp332a typography_typographyStyles_weight_normal__yhjp332o typography__yhjp331c sprinkles_fontWeight_normal__onxwju62 typography_typographyStyles_colour_neutral__yhjp3323 typography__yhjp33u typography_color_neutral__yhjp338 typography__yhjp331h sprinkles_textWrap_nowrap__onxwju6b"
        role="tablist"
      >
        <button
          aria-selected="true"
          class="elementReset_resetVariants__18vhvlid elementReset_resetVariants_as_button__18vhvli12 elementReset_trimmedElement__18vhvli0 elementReset_button__18vhvli5 sprinkles_display_inline-flex_mobile__onxwju7r sprinkles_justifyContent_center_mobile__onxwjumz sprinkles_backgroundColour_transparent__onxwju5g typography_typographyStyles__yhjp331j typography_typographyStyles_as_span__yhjp331m  typography_typographyStyles_noWrap_true__yhjp332a typography_typographyStyles_weight_bold__yhjp332q typography__yhjp331e sprinkles_fontWeight_bold__onxwju64 typography_typographyStyles_colour_light__yhjp3324 typography__yhjp33v typography_color_light__yhjp339 typography_typographyStyles_size_3__yhjp332d typography__yhjp3312 sprinkles_fontSize_3__onxwju5v sprinkles_lineHeight_3__onxwju5m typography__yhjp331h sprinkles_textWrap_nowrap__onxwju6b Tab_styledTab__11wt3mu0 Tab_styledTab_appearance_underlined__11wt3mu1 Tab_styledTab_active_true__11wt3mu3 Tab_styledTab_compound_0__11wt3mu4"
          data-controls="tab-1-title-0"
          role="tab"
        >
          <span
            class="Tab_item__11wt3mu6"
          >
            tab 1 title
          </span>
        </button>
        <button
          aria-selected="false"
          class="elementReset_resetVariants__18vhvlid elementReset_resetVariants_as_button__18vhvli12 elementReset_trimmedElement__18vhvli0 elementReset_button__18vhvli5 sprinkles_display_inline-flex_mobile__onxwju7r sprinkles_justifyContent_center_mobile__onxwjumz sprinkles_backgroundColour_transparent__onxwju5g typography_typographyStyles__yhjp331j typography_typographyStyles_as_span__yhjp331m  typography_typographyStyles_noWrap_true__yhjp332a typography_typographyStyles_weight_bold__yhjp332q typography__yhjp331e sprinkles_fontWeight_bold__onxwju64 typography_typographyStyles_colour_light__yhjp3324 typography__yhjp33v typography_color_light__yhjp339 typography_typographyStyles_size_3__yhjp332d typography__yhjp3312 sprinkles_fontSize_3__onxwju5v sprinkles_lineHeight_3__onxwju5m typography__yhjp331h sprinkles_textWrap_nowrap__onxwju6b Tab_styledTab__11wt3mu0 Tab_styledTab_appearance_underlined__11wt3mu1"
          data-controls="tab-2-title-1"
          role="tab"
          tabindex="-1"
        >
          <span
            class="Tab_item__11wt3mu6"
          >
            tab 2 title
          </span>
        </button>
        <button
          aria-selected="false"
          class="elementReset_resetVariants__18vhvlid elementReset_resetVariants_as_button__18vhvli12 elementReset_trimmedElement__18vhvli0 elementReset_button__18vhvli5 sprinkles_display_inline-flex_mobile__onxwju7r sprinkles_justifyContent_center_mobile__onxwjumz sprinkles_backgroundColour_transparent__onxwju5g typography_typographyStyles__yhjp331j typography_typographyStyles_as_span__yhjp331m  typography_typographyStyles_noWrap_true__yhjp332a typography_typographyStyles_weight_bold__yhjp332q typography__yhjp331e sprinkles_fontWeight_bold__onxwju64 typography_typographyStyles_colour_light__yhjp3324 typography__yhjp33v typography_color_light__yhjp339 typography_typographyStyles_size_3__yhjp332d typography__yhjp3312 sprinkles_fontSize_3__onxwju5v sprinkles_lineHeight_3__onxwju5m typography__yhjp331h sprinkles_textWrap_nowrap__onxwju6b Tab_styledTab__11wt3mu0 Tab_styledTab_appearance_underlined__11wt3mu1"
          data-controls="tab-3-title-2"
          role="tab"
          tabindex="-1"
        >
          <span
            class="Tab_item__11wt3mu6"
          >
            tab 3 title
          </span>
        </button>
      </div>
    </div>
  </div>
  <div
    class="elementReset_resetVariants__18vhvlid elementReset_resetVariants_as_div__18vhvlie elementReset_block__18vhvli4 sprinkles_width_full_mobile__onxwjufn sprinkles_paddingBottom_6_mobile__onxwjusb sprinkles_paddingTop_6_mobile__onxwjuvn TabPanes_root__15xyz920"
  >
    <div
      class="elementReset_resetVariants__18vhvlid elementReset_resetVariants_as_div__18vhvlie elementReset_block__18vhvli4 sprinkles_width_full_mobile__onxwjufn TabPane_root__1e18dwc0"
      id="tab-1-title-0"
      role="tabpanel"
      tabindex="0"
    >
      <input
        data-testid="checkbox-tab-1-title-0"
        type="checkbox"
      />
      tab 1 content
    </div>
    <div
      aria-hidden="true"
      class="elementReset_resetVariants__18vhvlid elementReset_resetVariants_as_div__18vhvlie elementReset_block__18vhvli4 sprinkles_display_none_mobile__onxwju6r sprinkles_width_full_mobile__onxwjufn TabPane_root__1e18dwc0"
      id="tab-2-title-1"
      role="tabpanel"
      tabindex="0"
    />
    <div
      aria-hidden="true"
      class="elementReset_resetVariants__18vhvlid elementReset_resetVariants_as_div__18vhvlie elementReset_block__18vhvli4 sprinkles_display_none_mobile__onxwju6r sprinkles_width_full_mobile__onxwjufn TabPane_root__1e18dwc0"
      id="tab-3-title-2"
      role="tabpanel"
      tabindex="0"
    />
  </div>
</div>
`;

exports[`<Tabs /> > should allow rendering indications 1`] = `
<div
  class="theme_OD_Base__j49br80"
  data-od-component="provider"
>
  <div
    class="elementReset_resetVariants__18vhvlid elementReset_resetVariants_as_div__18vhvlie elementReset_block__18vhvli4 sprinkles_alignItems_center_mobile__onxwjulb TabList_styledTabList__1cu98lp0 TabList_styledTabList_appearance_underlined__1cu98lp1"
  >
    <div
      class="elementReset_resetVariants__18vhvlid elementReset_resetVariants_as_div__18vhvlie elementReset_block__18vhvli4"
    >
      <div
        aria-orientation="horizontal"
        class="elementReset_resetVariants__18vhvlid elementReset_resetVariants_as_div__18vhvlie elementReset_block__18vhvli4 sprinkles_display_block_mobile__onxwju6v sprinkles_width_full_mobile__onxwjufn sprinkles_flexWrap_nowrap_mobile__onxwjupf typography_typographyStyles__yhjp331j typography_typographyStyles_as_span__yhjp331m  typography_typographyStyles_noWrap_true__yhjp332a typography_typographyStyles_weight_normal__yhjp332o typography__yhjp331c sprinkles_fontWeight_normal__onxwju62 typography_typographyStyles_colour_neutral__yhjp3323 typography__yhjp33u typography_color_neutral__yhjp338 typography__yhjp331h sprinkles_textWrap_nowrap__onxwju6b"
        role="tablist"
      >
        <button
          aria-selected="true"
          class="elementReset_resetVariants__18vhvlid elementReset_resetVariants_as_button__18vhvli12 elementReset_trimmedElement__18vhvli0 elementReset_button__18vhvli5 sprinkles_display_inline-flex_mobile__onxwju7r sprinkles_justifyContent_center_mobile__onxwjumz sprinkles_backgroundColour_transparent__onxwju5g typography_typographyStyles__yhjp331j typography_typographyStyles_as_span__yhjp331m  typography_typographyStyles_noWrap_true__yhjp332a typography_typographyStyles_weight_bold__yhjp332q typography__yhjp331e sprinkles_fontWeight_bold__onxwju64 typography_typographyStyles_colour_light__yhjp3324 typography__yhjp33v typography_color_light__yhjp339 typography_typographyStyles_size_3__yhjp332d typography__yhjp3312 sprinkles_fontSize_3__onxwju5v sprinkles_lineHeight_3__onxwju5m typography__yhjp331h sprinkles_textWrap_nowrap__onxwju6b Tab_styledTab__11wt3mu0 Tab_styledTab_appearance_underlined__11wt3mu1 Tab_styledTab_active_true__11wt3mu3 Tab_styledTab_compound_0__11wt3mu4"
          data-controls="od-11-0-tab"
          role="tab"
        >
          <div
            class="elementReset_resetVariants__18vhvlid elementReset_resetVariants_as_div__18vhvlie elementReset_block__18vhvli4 sprinkles_display_flex_mobile__onxwju73 sprinkles_position_relative_mobile__onxwju8z sprinkles_alignItems_center_mobile__onxwjulb sprinkles_flexDirection_row_mobile__onxwjuob sprinkles_flexWrap_nowrap_mobile__onxwjupf sprinkles_justifyContent_center_mobile__onxwjumz useNegativeMarginTop_makeResponsiveStyle_key_bp__rvovxw4 useNegativeMarginLeft_makeResponsiveStyle_key_bp__10sqwm24"
          >
            <div
              class="elementReset_resetVariants__18vhvlid elementReset_resetVariants_as_div__18vhvlie elementReset_block__18vhvli4 sprinkles_display_flex_mobile__onxwju73 sprinkles_alignItems_center_mobile__onxwjulb sprinkles_flexDirection_row_mobile__onxwjuob sprinkles_flexWrap_nowrap_mobile__onxwjupf sprinkles_paddingLeft_2_mobile__onxwjusz sprinkles_paddingTop_2_mobile__onxwjuv7"
            >
              <span
                class="Tab_item__11wt3mu6"
              >
                tab 1 title
              </span>
            </div>
            <div
              class="elementReset_resetVariants__18vhvlid elementReset_resetVariants_as_div__18vhvlie elementReset_block__18vhvli4 sprinkles_display_flex_mobile__onxwju73 sprinkles_alignItems_center_mobile__onxwjulb sprinkles_flexDirection_row_mobile__onxwjuob sprinkles_flexWrap_nowrap_mobile__onxwjupf sprinkles_paddingLeft_2_mobile__onxwjusz sprinkles_paddingTop_2_mobile__onxwjuv7"
            >
              <span
                class="elementReset_resetVariants__18vhvlid elementReset_resetVariants_as_span__18vhvlim  sprinkles_display_block_mobile__onxwju6v sprinkles_textAlign_center_mobile__onxwju9j typography_typographyStyles__yhjp331j typography_typographyStyles_as_span__yhjp331m  typography_typographyStyles_strong_true__yhjp332k typography_typographyStyles_weight_normal__yhjp332o typography__yhjp331c sprinkles_fontWeight_normal__onxwju62 typography_typographyStyles_colour_white__yhjp3321 typography__yhjp33s typography_color_white__yhjp336 typography_typographyStyles_size_2__yhjp332c typography__yhjp3311 sprinkles_fontSize_2__onxwju5u sprinkles_lineHeight_2__onxwju5l typography__yhjp331i sprinkles_fontWeight_bold__onxwju64 Tab_indication__11wt3mu7 Tab_indication_appearance_underlined__11wt3mu8 Tab_indication_active_true__11wt3mua Tab_indication_compound_0__11wt3mub"
              >
                5
              </span>
            </div>
          </div>
        </button>
        <button
          aria-selected="false"
          class="elementReset_resetVariants__18vhvlid elementReset_resetVariants_as_button__18vhvli12 elementReset_trimmedElement__18vhvli0 elementReset_button__18vhvli5 sprinkles_display_inline-flex_mobile__onxwju7r sprinkles_justifyContent_center_mobile__onxwjumz sprinkles_backgroundColour_transparent__onxwju5g typography_typographyStyles__yhjp331j typography_typographyStyles_as_span__yhjp331m  typography_typographyStyles_noWrap_true__yhjp332a typography_typographyStyles_weight_bold__yhjp332q typography__yhjp331e sprinkles_fontWeight_bold__onxwju64 typography_typographyStyles_colour_light__yhjp3324 typography__yhjp33v typography_color_light__yhjp339 typography_typographyStyles_size_3__yhjp332d typography__yhjp3312 sprinkles_fontSize_3__onxwju5v sprinkles_lineHeight_3__onxwju5m typography__yhjp331h sprinkles_textWrap_nowrap__onxwju6b Tab_styledTab__11wt3mu0 Tab_styledTab_appearance_underlined__11wt3mu1"
          data-controls="od-11-1-tab"
          role="tab"
          tabindex="-1"
        >
          <div
            class="elementReset_resetVariants__18vhvlid elementReset_resetVariants_as_div__18vhvlie elementReset_block__18vhvli4 sprinkles_display_flex_mobile__onxwju73 sprinkles_position_relative_mobile__onxwju8z sprinkles_alignItems_center_mobile__onxwjulb sprinkles_flexDirection_row_mobile__onxwjuob sprinkles_flexWrap_nowrap_mobile__onxwjupf sprinkles_justifyContent_center_mobile__onxwjumz useNegativeMarginTop_makeResponsiveStyle_key_bp__rvovxw4 useNegativeMarginLeft_makeResponsiveStyle_key_bp__10sqwm24"
          >
            <div
              class="elementReset_resetVariants__18vhvlid elementReset_resetVariants_as_div__18vhvlie elementReset_block__18vhvli4 sprinkles_display_flex_mobile__onxwju73 sprinkles_alignItems_center_mobile__onxwjulb sprinkles_flexDirection_row_mobile__onxwjuob sprinkles_flexWrap_nowrap_mobile__onxwjupf sprinkles_paddingLeft_2_mobile__onxwjusz sprinkles_paddingTop_2_mobile__onxwjuv7"
            >
              <span
                class="Tab_item__11wt3mu6"
              >
                tab 2 title
              </span>
            </div>
            <div
              class="elementReset_resetVariants__18vhvlid elementReset_resetVariants_as_div__18vhvlie elementReset_block__18vhvli4 sprinkles_display_flex_mobile__onxwju73 sprinkles_alignItems_center_mobile__onxwjulb sprinkles_flexDirection_row_mobile__onxwjuob sprinkles_flexWrap_nowrap_mobile__onxwjupf sprinkles_paddingLeft_2_mobile__onxwjusz sprinkles_paddingTop_2_mobile__onxwjuv7"
            >
              <span
                class="elementReset_resetVariants__18vhvlid elementReset_resetVariants_as_span__18vhvlim  sprinkles_display_block_mobile__onxwju6v sprinkles_textAlign_center_mobile__onxwju9j typography_typographyStyles__yhjp331j typography_typographyStyles_as_span__yhjp331m  typography_typographyStyles_strong_true__yhjp332k typography_typographyStyles_weight_normal__yhjp332o typography__yhjp331c sprinkles_fontWeight_normal__onxwju62 typography_typographyStyles_colour_dark__yhjp3320 typography__yhjp33r typography_color_dark__yhjp335 typography_typographyStyles_size_2__yhjp332c typography__yhjp3311 sprinkles_fontSize_2__onxwju5u sprinkles_lineHeight_2__onxwju5l typography__yhjp331i sprinkles_fontWeight_bold__onxwju64 Tab_indication__11wt3mu7 Tab_indication_appearance_underlined__11wt3mu8"
              >
                5
              </span>
            </div>
          </div>
        </button>
        <button
          aria-selected="false"
          class="elementReset_resetVariants__18vhvlid elementReset_resetVariants_as_button__18vhvli12 elementReset_trimmedElement__18vhvli0 elementReset_button__18vhvli5 sprinkles_display_inline-flex_mobile__onxwju7r sprinkles_justifyContent_center_mobile__onxwjumz sprinkles_backgroundColour_transparent__onxwju5g typography_typographyStyles__yhjp331j typography_typographyStyles_as_span__yhjp331m  typography_typographyStyles_noWrap_true__yhjp332a typography_typographyStyles_weight_bold__yhjp332q typography__yhjp331e sprinkles_fontWeight_bold__onxwju64 typography_typographyStyles_colour_light__yhjp3324 typography__yhjp33v typography_color_light__yhjp339 typography_typographyStyles_size_3__yhjp332d typography__yhjp3312 sprinkles_fontSize_3__onxwju5v sprinkles_lineHeight_3__onxwju5m typography__yhjp331h sprinkles_textWrap_nowrap__onxwju6b Tab_styledTab__11wt3mu0 Tab_styledTab_appearance_underlined__11wt3mu1"
          data-controls="od-11-2-tab"
          role="tab"
          tabindex="-1"
        >
          <div
            class="elementReset_resetVariants__18vhvlid elementReset_resetVariants_as_div__18vhvlie elementReset_block__18vhvli4 sprinkles_display_flex_mobile__onxwju73 sprinkles_position_relative_mobile__onxwju8z sprinkles_alignItems_center_mobile__onxwjulb sprinkles_flexDirection_row_mobile__onxwjuob sprinkles_flexWrap_nowrap_mobile__onxwjupf sprinkles_justifyContent_center_mobile__onxwjumz useNegativeMarginTop_makeResponsiveStyle_key_bp__rvovxw4 useNegativeMarginLeft_makeResponsiveStyle_key_bp__10sqwm24"
          >
            <div
              class="elementReset_resetVariants__18vhvlid elementReset_resetVariants_as_div__18vhvlie elementReset_block__18vhvli4 sprinkles_display_flex_mobile__onxwju73 sprinkles_alignItems_center_mobile__onxwjulb sprinkles_flexDirection_row_mobile__onxwjuob sprinkles_flexWrap_nowrap_mobile__onxwjupf sprinkles_paddingLeft_2_mobile__onxwjusz sprinkles_paddingTop_2_mobile__onxwjuv7"
            >
              <span
                class="Tab_item__11wt3mu6"
              >
                tab 3 title
              </span>
            </div>
            <div
              class="elementReset_resetVariants__18vhvlid elementReset_resetVariants_as_div__18vhvlie elementReset_block__18vhvli4 sprinkles_display_flex_mobile__onxwju73 sprinkles_alignItems_center_mobile__onxwjulb sprinkles_flexDirection_row_mobile__onxwjuob sprinkles_flexWrap_nowrap_mobile__onxwjupf sprinkles_paddingLeft_2_mobile__onxwjusz sprinkles_paddingTop_2_mobile__onxwjuv7"
            >
              <span
                class="elementReset_resetVariants__18vhvlid elementReset_resetVariants_as_span__18vhvlim  sprinkles_display_block_mobile__onxwju6v sprinkles_textAlign_center_mobile__onxwju9j typography_typographyStyles__yhjp331j typography_typographyStyles_as_span__yhjp331m  typography_typographyStyles_strong_true__yhjp332k typography_typographyStyles_weight_normal__yhjp332o typography__yhjp331c sprinkles_fontWeight_normal__onxwju62 typography_typographyStyles_colour_dark__yhjp3320 typography__yhjp33r typography_color_dark__yhjp335 typography_typographyStyles_size_2__yhjp332c typography__yhjp3311 sprinkles_fontSize_2__onxwju5u sprinkles_lineHeight_2__onxwju5l typography__yhjp331i sprinkles_fontWeight_bold__onxwju64 Tab_indication__11wt3mu7 Tab_indication_appearance_underlined__11wt3mu8"
              >
                5
              </span>
            </div>
          </div>
        </button>
      </div>
    </div>
  </div>
  <div
    class="elementReset_resetVariants__18vhvlid elementReset_resetVariants_as_div__18vhvlie elementReset_block__18vhvli4 sprinkles_width_full_mobile__onxwjufn sprinkles_paddingBottom_6_mobile__onxwjusb sprinkles_paddingTop_6_mobile__onxwjuvn TabPanes_root__15xyz920"
  >
    <div
      class="elementReset_resetVariants__18vhvlid elementReset_resetVariants_as_div__18vhvlie elementReset_block__18vhvli4 sprinkles_width_full_mobile__onxwjufn TabPane_root__1e18dwc0"
      id="od-11-0-tab"
      role="tabpanel"
      tabindex="0"
    >
      <input
        data-testid="checkbox-null"
        type="checkbox"
      />
      tab 1 content
    </div>
    <div
      aria-hidden="true"
      class="elementReset_resetVariants__18vhvlid elementReset_resetVariants_as_div__18vhvlie elementReset_block__18vhvli4 sprinkles_display_none_mobile__onxwju6r sprinkles_width_full_mobile__onxwjufn TabPane_root__1e18dwc0"
      id="od-11-1-tab"
      role="tabpanel"
      tabindex="0"
    />
    <div
      aria-hidden="true"
      class="elementReset_resetVariants__18vhvlid elementReset_resetVariants_as_div__18vhvlie elementReset_block__18vhvli4 sprinkles_display_none_mobile__onxwju6r sprinkles_width_full_mobile__onxwjufn TabPane_root__1e18dwc0"
      id="od-11-2-tab"
      role="tabpanel"
      tabindex="0"
    />
  </div>
</div>
`;

exports[`<Tabs /> > should match snapshot (high level) 1`] = `
<div
  class="theme_OD_Base__j49br80"
  data-od-component="provider"
>
  <div
    class="elementReset_resetVariants__18vhvlid elementReset_resetVariants_as_div__18vhvlie elementReset_block__18vhvli4 sprinkles_alignItems_center_mobile__onxwjulb TabList_styledTabList__1cu98lp0 TabList_styledTabList_appearance_underlined__1cu98lp1"
  >
    <div
      class="elementReset_resetVariants__18vhvlid elementReset_resetVariants_as_div__18vhvlie elementReset_block__18vhvli4"
    >
      <div
        aria-orientation="horizontal"
        class="elementReset_resetVariants__18vhvlid elementReset_resetVariants_as_div__18vhvlie elementReset_block__18vhvli4 sprinkles_display_block_mobile__onxwju6v sprinkles_width_full_mobile__onxwjufn sprinkles_flexWrap_nowrap_mobile__onxwjupf typography_typographyStyles__yhjp331j typography_typographyStyles_as_span__yhjp331m  typography_typographyStyles_noWrap_true__yhjp332a typography_typographyStyles_weight_normal__yhjp332o typography__yhjp331c sprinkles_fontWeight_normal__onxwju62 typography_typographyStyles_colour_neutral__yhjp3323 typography__yhjp33u typography_color_neutral__yhjp338 typography__yhjp331h sprinkles_textWrap_nowrap__onxwju6b"
        role="tablist"
      >
        <button
          aria-selected="true"
          class="elementReset_resetVariants__18vhvlid elementReset_resetVariants_as_button__18vhvli12 elementReset_trimmedElement__18vhvli0 elementReset_button__18vhvli5 sprinkles_display_inline-flex_mobile__onxwju7r sprinkles_justifyContent_center_mobile__onxwjumz sprinkles_backgroundColour_transparent__onxwju5g typography_typographyStyles__yhjp331j typography_typographyStyles_as_span__yhjp331m  typography_typographyStyles_noWrap_true__yhjp332a typography_typographyStyles_weight_bold__yhjp332q typography__yhjp331e sprinkles_fontWeight_bold__onxwju64 typography_typographyStyles_colour_light__yhjp3324 typography__yhjp33v typography_color_light__yhjp339 typography_typographyStyles_size_3__yhjp332d typography__yhjp3312 sprinkles_fontSize_3__onxwju5v sprinkles_lineHeight_3__onxwju5m typography__yhjp331h sprinkles_textWrap_nowrap__onxwju6b Tab_styledTab__11wt3mu0 Tab_styledTab_appearance_underlined__11wt3mu1 Tab_styledTab_active_true__11wt3mu3 Tab_styledTab_compound_0__11wt3mu4"
          data-controls="od-1-0-tab"
          role="tab"
        >
          <span
            class="Tab_item__11wt3mu6"
          >
            tab 1 title
          </span>
        </button>
        <button
          aria-selected="false"
          class="elementReset_resetVariants__18vhvlid elementReset_resetVariants_as_button__18vhvli12 elementReset_trimmedElement__18vhvli0 elementReset_button__18vhvli5 sprinkles_display_inline-flex_mobile__onxwju7r sprinkles_justifyContent_center_mobile__onxwjumz sprinkles_backgroundColour_transparent__onxwju5g typography_typographyStyles__yhjp331j typography_typographyStyles_as_span__yhjp331m  typography_typographyStyles_noWrap_true__yhjp332a typography_typographyStyles_weight_bold__yhjp332q typography__yhjp331e sprinkles_fontWeight_bold__onxwju64 typography_typographyStyles_colour_light__yhjp3324 typography__yhjp33v typography_color_light__yhjp339 typography_typographyStyles_size_3__yhjp332d typography__yhjp3312 sprinkles_fontSize_3__onxwju5v sprinkles_lineHeight_3__onxwju5m typography__yhjp331h sprinkles_textWrap_nowrap__onxwju6b Tab_styledTab__11wt3mu0 Tab_styledTab_appearance_underlined__11wt3mu1"
          data-controls="od-1-1-tab"
          role="tab"
          tabindex="-1"
        >
          <span
            class="Tab_item__11wt3mu6"
          >
            tab 2 title
          </span>
        </button>
        <button
          aria-selected="false"
          class="elementReset_resetVariants__18vhvlid elementReset_resetVariants_as_button__18vhvli12 elementReset_trimmedElement__18vhvli0 elementReset_button__18vhvli5 sprinkles_display_inline-flex_mobile__onxwju7r sprinkles_justifyContent_center_mobile__onxwjumz sprinkles_backgroundColour_transparent__onxwju5g typography_typographyStyles__yhjp331j typography_typographyStyles_as_span__yhjp331m  typography_typographyStyles_noWrap_true__yhjp332a typography_typographyStyles_weight_bold__yhjp332q typography__yhjp331e sprinkles_fontWeight_bold__onxwju64 typography_typographyStyles_colour_light__yhjp3324 typography__yhjp33v typography_color_light__yhjp339 typography_typographyStyles_size_3__yhjp332d typography__yhjp3312 sprinkles_fontSize_3__onxwju5v sprinkles_lineHeight_3__onxwju5m typography__yhjp331h sprinkles_textWrap_nowrap__onxwju6b Tab_styledTab__11wt3mu0 Tab_styledTab_appearance_underlined__11wt3mu1"
          data-controls="od-1-2-tab"
          role="tab"
          tabindex="-1"
        >
          <span
            class="Tab_item__11wt3mu6"
          >
            tab 3 title
          </span>
        </button>
      </div>
    </div>
  </div>
  <div
    class="elementReset_resetVariants__18vhvlid elementReset_resetVariants_as_div__18vhvlie elementReset_block__18vhvli4 sprinkles_width_full_mobile__onxwjufn sprinkles_paddingBottom_6_mobile__onxwjusb sprinkles_paddingTop_6_mobile__onxwjuvn TabPanes_root__15xyz920"
  >
    <div
      class="elementReset_resetVariants__18vhvlid elementReset_resetVariants_as_div__18vhvlie elementReset_block__18vhvli4 sprinkles_width_full_mobile__onxwjufn TabPane_root__1e18dwc0"
      id="od-1-0-tab"
      role="tabpanel"
      tabindex="0"
    >
      <input
        data-testid="checkbox-null"
        type="checkbox"
      />
      tab 1 content
    </div>
    <div
      aria-hidden="true"
      class="elementReset_resetVariants__18vhvlid elementReset_resetVariants_as_div__18vhvlie elementReset_block__18vhvli4 sprinkles_display_none_mobile__onxwju6r sprinkles_width_full_mobile__onxwjufn TabPane_root__1e18dwc0"
      id="od-1-1-tab"
      role="tabpanel"
      tabindex="0"
    />
    <div
      aria-hidden="true"
      class="elementReset_resetVariants__18vhvlid elementReset_resetVariants_as_div__18vhvlie elementReset_block__18vhvli4 sprinkles_display_none_mobile__onxwju6r sprinkles_width_full_mobile__onxwjufn TabPane_root__1e18dwc0"
      id="od-1-2-tab"
      role="tabpanel"
      tabindex="0"
    />
  </div>
</div>
`;
