// Jest Snapshot v1, https://goo.gl/fbAQLP

exports[`<CheckBox /> should match the snapshot for a checked check 1`] = `
<div
  class="reset_block__1oah0223 useBoxStyles_makeResponsiveStyle_key_bp__3xgq1l8 useBoxStyles_makeResponsiveStyle_key_bp__3xgq1l1c useBoxStyles_makeResponsiveStyle_key_bp__3xgq1l2g useBoxStyles_makeResponsiveStyle_key_bp__3xgq1l4c useBoxStyles_display_flex__3xgq1lfy useBoxStyles_position_relative__3xgq1lfo useBoxStyles_makeResponsiveStyle_key_bp__3xgq1lgn useBoxStyles_makeResponsiveStyle_key_bp__3xgq1lgv useBoxStyles_makeResponsiveStyle_key_bp__3xgq1lhg CheckableBase_root__y94qv0 reset_appearance__1oah0220 reset_cursorPointer__1oah0221 reset_trimmedBlockElement__1oah0225 reset_button__1oah0226"
>
  <input
    checked=""
    class="reset_trimmedBlockElement__1oah0225 reset_appearance__1oah0220 reset_input__1oah0228 useBoxStyles_makeResponsiveStyle_key_bp__3xgq1l10 useBoxStyles_makeResponsiveStyle_key_bp__3xgq1l24 useBoxStyles_makeResponsiveStyle_key_bp__3xgq1l38 useBoxStyles_makeResponsiveStyle_key_bp__3xgq1l4c useBoxStyles_makeResponsiveStyle_key_bp__3xgq1l5g useBoxStyles_makeResponsiveStyle_key_bp__3xgq1l6k useBoxStyles_makeResponsiveStyle_key_bp__3xgq1l7o useBoxStyles_makeResponsiveStyle_key_bp__3xgq1l8s useBoxStyles_width_full__3xgq1lfj useBoxStyles_height_full__3xgq1lfl useBoxStyles_position_absolute__3xgq1lfm reset_appearance__1oah0220 reset_cursorPointer__1oah0221 reset_trimmedBlockElement__1oah0225 reset_button__1oah0226 CheckableBase_nativeInput_default__y94qv2 CheckableBase_nativeInput_checked__y94qv3"
    name=""
    type="checkbox"
    value="1"
  />
  <div
    class="reset_block__1oah0223 useBoxStyles_display_flex__3xgq1lfy useBoxStyles_position_relative__3xgq1lfo useBoxStyles_makeResponsiveStyle_key_bp__3xgq1lgn useBoxStyles_makeResponsiveStyle_key_bp__3xgq1lhk CheckableBase_checkable__y94qv4 reset_appearance__1oah0220 reset_cursorPointer__1oah0221 reset_trimmedBlockElement__1oah0225 reset_button__1oah0226"
  >
    <div
      class="reset_block__1oah0223 useBoxStyles_display_block__3xgq1lfx Icon_makeResponsiveStyle_key_bp__1gy3ire0 CheckBox_icon__1ifzuoz0 useTextStyles_root__1xnpmd70 reset_block__1oah0223 useTextStyles_colours_white__1xnpmd7g reset_block__1oah0223 useBoxStyles_position_absolute__3xgq1lfm"
    >
      <svg
        aria-hidden="true"
        class="useBoxStyles_display_block__3xgq1lfx useBoxStyles_width_full__3xgq1lfj useBoxStyles_height_full__3xgq1lfl"
        fill="currentColor"
        focusable="false"
        viewBox="0 0 24 24"
        xmlns="http://www.w3.org/2000/svg"
      >
        <path
          d="M21 7L9 19l-5.5-5.5 1.414-1.414L9 16.172 19.586 5.586 21 7z"
        />
      </svg>
    </div>
    <div
      class="reset_block__1oah0223 useBoxStyles_border_style__3xgq1l9k useBoxStyles_border_colour_top_gray__3xgq1l9m useBoxStyles_border_colour_right_gray__3xgq1l9y useBoxStyles_border_colour_bottom_gray__3xgq1laa useBoxStyles_border_colour_left_gray__3xgq1lam useBoxStyles_makeResponsiveStyle_key_bp__3xgq1lb1 useBoxStyles_makeResponsiveStyle_key_bp__3xgq1lbh useBoxStyles_makeResponsiveStyle_key_bp__3xgq1lbx useBoxStyles_makeResponsiveStyle_key_bp__3xgq1lcd CheckableBase_checkableItem__y94qv5 CheckBox_base_default__1ifzuoz1 CheckBox_base_selected__1ifzuoz2"
    />
  </div>
  <label
    class="reset_inlineText__1oah0222 useBoxStyles_width_full__3xgq1lfj reset_appearance__1oah0220 reset_cursorPointer__1oah0221 reset_trimmedBlockElement__1oah0225 reset_button__1oah0226 useTextStyles_root__1xnpmd70 reset_block__1oah0223 useTextStyles_colours_neutral__1xnpmd7i useTextStyles_sizes_4__1xnpmd74"
  >
    <span
      class="reset_inlineText__1oah0222 useBoxStyles_textAlign_left__3xgq1lfp useTextStyles_root__1xnpmd70 reset_inlineText__1oah0222 useTextStyles_colours_neutral__1xnpmd7i useTextStyles_fontWeight_normal__1xnpmd7o useTextStyles_sizes_4__1xnpmd74"
    >
      check label 1
    </span>
  </label>
</div>
`;

exports[`<CheckBox /> should match the snapshot for a disable checkbox 1`] = `
<div
  class="reset_block__1oah0223 useBoxStyles_makeResponsiveStyle_key_bp__3xgq1l8 useBoxStyles_makeResponsiveStyle_key_bp__3xgq1l1c useBoxStyles_makeResponsiveStyle_key_bp__3xgq1l2g useBoxStyles_makeResponsiveStyle_key_bp__3xgq1l4c useBoxStyles_display_flex__3xgq1lfy useBoxStyles_position_relative__3xgq1lfo useBoxStyles_makeResponsiveStyle_key_bp__3xgq1lgn useBoxStyles_makeResponsiveStyle_key_bp__3xgq1lgv useBoxStyles_makeResponsiveStyle_key_bp__3xgq1lhg CheckableBase_root__y94qv0 reset_appearance__1oah0220 reset_cursorPointer__1oah0221 reset_trimmedBlockElement__1oah0225 reset_button__1oah0226 CheckableBase_disabled__y94qv6"
>
  <input
    class="reset_trimmedBlockElement__1oah0225 reset_appearance__1oah0220 reset_input__1oah0228 useBoxStyles_makeResponsiveStyle_key_bp__3xgq1l10 useBoxStyles_makeResponsiveStyle_key_bp__3xgq1l24 useBoxStyles_makeResponsiveStyle_key_bp__3xgq1l38 useBoxStyles_makeResponsiveStyle_key_bp__3xgq1l4c useBoxStyles_makeResponsiveStyle_key_bp__3xgq1l5g useBoxStyles_makeResponsiveStyle_key_bp__3xgq1l6k useBoxStyles_makeResponsiveStyle_key_bp__3xgq1l7o useBoxStyles_makeResponsiveStyle_key_bp__3xgq1l8s useBoxStyles_width_full__3xgq1lfj useBoxStyles_height_full__3xgq1lfl useBoxStyles_position_absolute__3xgq1lfm useBoxStyles_pointerEvents_none__3xgq1li0 reset_appearance__1oah0220 reset_cursorPointer__1oah0221 reset_trimmedBlockElement__1oah0225 reset_button__1oah0226 CheckableBase_nativeInput_default__y94qv2"
    disabled=""
    name=""
    tabindex="-1"
    type="checkbox"
    value="1"
  />
  <div
    class="reset_block__1oah0223 useBoxStyles_display_flex__3xgq1lfy useBoxStyles_position_relative__3xgq1lfo useBoxStyles_makeResponsiveStyle_key_bp__3xgq1lgn useBoxStyles_makeResponsiveStyle_key_bp__3xgq1lhk CheckableBase_checkable__y94qv4 reset_appearance__1oah0220 reset_cursorPointer__1oah0221 reset_trimmedBlockElement__1oah0225 reset_button__1oah0226"
  >
    <div
      class="reset_block__1oah0223 useBoxStyles_border_style__3xgq1l9k useBoxStyles_border_colour_top_gray__3xgq1l9m useBoxStyles_border_colour_right_gray__3xgq1l9y useBoxStyles_border_colour_bottom_gray__3xgq1laa useBoxStyles_border_colour_left_gray__3xgq1lam useBoxStyles_makeResponsiveStyle_key_bp__3xgq1lb1 useBoxStyles_makeResponsiveStyle_key_bp__3xgq1lbh useBoxStyles_makeResponsiveStyle_key_bp__3xgq1lbx useBoxStyles_makeResponsiveStyle_key_bp__3xgq1lcd CheckableBase_checkableItem__y94qv5 CheckBox_base_default__1ifzuoz1"
    />
  </div>
  <label
    class="reset_inlineText__1oah0222 useBoxStyles_width_full__3xgq1lfj useBoxStyles_pointerEvents_none__3xgq1li0 reset_appearance__1oah0220 reset_cursorPointer__1oah0221 reset_trimmedBlockElement__1oah0225 reset_button__1oah0226 useTextStyles_root__1xnpmd70 reset_block__1oah0223 useTextStyles_colours_neutral__1xnpmd7i useTextStyles_sizes_4__1xnpmd74 CheckableBase_label_disabled__y94qv1"
  >
    <span
      class="reset_inlineText__1oah0222 useBoxStyles_textAlign_left__3xgq1lfp useTextStyles_root__1xnpmd70 reset_inlineText__1oah0222 useTextStyles_colours_neutral__1xnpmd7i useTextStyles_fontWeight_normal__1xnpmd7o useTextStyles_sizes_4__1xnpmd74"
    >
      check label 1
    </span>
  </label>
</div>
`;

exports[`<CheckBox /> should match the snapshot for a single check 1`] = `
<div
  class="reset_block__1oah0223 useBoxStyles_makeResponsiveStyle_key_bp__3xgq1l8 useBoxStyles_makeResponsiveStyle_key_bp__3xgq1l1c useBoxStyles_makeResponsiveStyle_key_bp__3xgq1l2g useBoxStyles_makeResponsiveStyle_key_bp__3xgq1l4c useBoxStyles_display_flex__3xgq1lfy useBoxStyles_position_relative__3xgq1lfo useBoxStyles_makeResponsiveStyle_key_bp__3xgq1lgn useBoxStyles_makeResponsiveStyle_key_bp__3xgq1lgv useBoxStyles_makeResponsiveStyle_key_bp__3xgq1lhg CheckableBase_root__y94qv0 reset_appearance__1oah0220 reset_cursorPointer__1oah0221 reset_trimmedBlockElement__1oah0225 reset_button__1oah0226"
>
  <input
    class="reset_trimmedBlockElement__1oah0225 reset_appearance__1oah0220 reset_input__1oah0228 useBoxStyles_makeResponsiveStyle_key_bp__3xgq1l10 useBoxStyles_makeResponsiveStyle_key_bp__3xgq1l24 useBoxStyles_makeResponsiveStyle_key_bp__3xgq1l38 useBoxStyles_makeResponsiveStyle_key_bp__3xgq1l4c useBoxStyles_makeResponsiveStyle_key_bp__3xgq1l5g useBoxStyles_makeResponsiveStyle_key_bp__3xgq1l6k useBoxStyles_makeResponsiveStyle_key_bp__3xgq1l7o useBoxStyles_makeResponsiveStyle_key_bp__3xgq1l8s useBoxStyles_width_full__3xgq1lfj useBoxStyles_height_full__3xgq1lfl useBoxStyles_position_absolute__3xgq1lfm reset_appearance__1oah0220 reset_cursorPointer__1oah0221 reset_trimmedBlockElement__1oah0225 reset_button__1oah0226 CheckableBase_nativeInput_default__y94qv2"
    name=""
    type="checkbox"
    value="1"
  />
  <div
    class="reset_block__1oah0223 useBoxStyles_display_flex__3xgq1lfy useBoxStyles_position_relative__3xgq1lfo useBoxStyles_makeResponsiveStyle_key_bp__3xgq1lgn useBoxStyles_makeResponsiveStyle_key_bp__3xgq1lhk CheckableBase_checkable__y94qv4 reset_appearance__1oah0220 reset_cursorPointer__1oah0221 reset_trimmedBlockElement__1oah0225 reset_button__1oah0226"
  >
    <div
      class="reset_block__1oah0223 useBoxStyles_border_style__3xgq1l9k useBoxStyles_border_colour_top_gray__3xgq1l9m useBoxStyles_border_colour_right_gray__3xgq1l9y useBoxStyles_border_colour_bottom_gray__3xgq1laa useBoxStyles_border_colour_left_gray__3xgq1lam useBoxStyles_makeResponsiveStyle_key_bp__3xgq1lb1 useBoxStyles_makeResponsiveStyle_key_bp__3xgq1lbh useBoxStyles_makeResponsiveStyle_key_bp__3xgq1lbx useBoxStyles_makeResponsiveStyle_key_bp__3xgq1lcd CheckableBase_checkableItem__y94qv5 CheckBox_base_default__1ifzuoz1"
    />
  </div>
  <label
    class="reset_inlineText__1oah0222 useBoxStyles_width_full__3xgq1lfj reset_appearance__1oah0220 reset_cursorPointer__1oah0221 reset_trimmedBlockElement__1oah0225 reset_button__1oah0226 useTextStyles_root__1xnpmd70 reset_block__1oah0223 useTextStyles_colours_neutral__1xnpmd7i useTextStyles_sizes_4__1xnpmd74"
  >
    <span
      class="reset_inlineText__1oah0222 useBoxStyles_textAlign_left__3xgq1lfp useTextStyles_root__1xnpmd70 reset_inlineText__1oah0222 useTextStyles_colours_neutral__1xnpmd7i useTextStyles_fontWeight_normal__1xnpmd7o useTextStyles_sizes_4__1xnpmd74"
    >
      check label 1
    </span>
  </label>
</div>
`;

exports[`<CheckBox /> should match the snapshot for a single check with no value or label 1`] = `
<div
  class="reset_block__1oah0223 useBoxStyles_makeResponsiveStyle_key_bp__3xgq1l8 useBoxStyles_makeResponsiveStyle_key_bp__3xgq1l24 useBoxStyles_makeResponsiveStyle_key_bp__3xgq1l2g useBoxStyles_makeResponsiveStyle_key_bp__3xgq1l4c useBoxStyles_display_flex__3xgq1lfy useBoxStyles_position_relative__3xgq1lfo useBoxStyles_makeResponsiveStyle_key_bp__3xgq1lgn useBoxStyles_makeResponsiveStyle_key_bp__3xgq1lgv useBoxStyles_makeResponsiveStyle_key_bp__3xgq1lhg CheckableBase_root__y94qv0 reset_appearance__1oah0220 reset_cursorPointer__1oah0221 reset_trimmedBlockElement__1oah0225 reset_button__1oah0226"
>
  <input
    class="reset_trimmedBlockElement__1oah0225 reset_appearance__1oah0220 reset_input__1oah0228 useBoxStyles_makeResponsiveStyle_key_bp__3xgq1l10 useBoxStyles_makeResponsiveStyle_key_bp__3xgq1l24 useBoxStyles_makeResponsiveStyle_key_bp__3xgq1l38 useBoxStyles_makeResponsiveStyle_key_bp__3xgq1l4c useBoxStyles_makeResponsiveStyle_key_bp__3xgq1l5g useBoxStyles_makeResponsiveStyle_key_bp__3xgq1l6k useBoxStyles_makeResponsiveStyle_key_bp__3xgq1l7o useBoxStyles_makeResponsiveStyle_key_bp__3xgq1l8s useBoxStyles_width_full__3xgq1lfj useBoxStyles_height_full__3xgq1lfl useBoxStyles_position_absolute__3xgq1lfm reset_appearance__1oah0220 reset_cursorPointer__1oah0221 reset_trimmedBlockElement__1oah0225 reset_button__1oah0226 CheckableBase_nativeInput_default__y94qv2"
    name=""
    type="checkbox"
  />
  <div
    class="reset_block__1oah0223 useBoxStyles_display_flex__3xgq1lfy useBoxStyles_position_relative__3xgq1lfo useBoxStyles_makeResponsiveStyle_key_bp__3xgq1lgn useBoxStyles_makeResponsiveStyle_key_bp__3xgq1lhk CheckableBase_checkable__y94qv4 reset_appearance__1oah0220 reset_cursorPointer__1oah0221 reset_trimmedBlockElement__1oah0225 reset_button__1oah0226"
  >
    <div
      class="reset_block__1oah0223 useBoxStyles_border_style__3xgq1l9k useBoxStyles_border_colour_top_gray__3xgq1l9m useBoxStyles_border_colour_right_gray__3xgq1l9y useBoxStyles_border_colour_bottom_gray__3xgq1laa useBoxStyles_border_colour_left_gray__3xgq1lam useBoxStyles_makeResponsiveStyle_key_bp__3xgq1lb1 useBoxStyles_makeResponsiveStyle_key_bp__3xgq1lbh useBoxStyles_makeResponsiveStyle_key_bp__3xgq1lbx useBoxStyles_makeResponsiveStyle_key_bp__3xgq1lcd CheckableBase_checkableItem__y94qv5 CheckBox_base_default__1ifzuoz1"
    />
  </div>
</div>
`;

exports[`<CheckBox /> when with component child should match the snapshot 1`] = `
<div
  class="reset_block__1oah0223 useBoxStyles_makeResponsiveStyle_key_bp__3xgq1l8 useBoxStyles_makeResponsiveStyle_key_bp__3xgq1l1c useBoxStyles_makeResponsiveStyle_key_bp__3xgq1l2g useBoxStyles_makeResponsiveStyle_key_bp__3xgq1l4c useBoxStyles_display_flex__3xgq1lfy useBoxStyles_position_relative__3xgq1lfo useBoxStyles_makeResponsiveStyle_key_bp__3xgq1lgn useBoxStyles_makeResponsiveStyle_key_bp__3xgq1lgv useBoxStyles_makeResponsiveStyle_key_bp__3xgq1lhg CheckableBase_root__y94qv0 reset_appearance__1oah0220 reset_cursorPointer__1oah0221 reset_trimmedBlockElement__1oah0225 reset_button__1oah0226"
>
  <input
    class="reset_trimmedBlockElement__1oah0225 reset_appearance__1oah0220 reset_input__1oah0228 useBoxStyles_makeResponsiveStyle_key_bp__3xgq1l10 useBoxStyles_makeResponsiveStyle_key_bp__3xgq1l24 useBoxStyles_makeResponsiveStyle_key_bp__3xgq1l38 useBoxStyles_makeResponsiveStyle_key_bp__3xgq1l4c useBoxStyles_makeResponsiveStyle_key_bp__3xgq1l5g useBoxStyles_makeResponsiveStyle_key_bp__3xgq1l6k useBoxStyles_makeResponsiveStyle_key_bp__3xgq1l7o useBoxStyles_makeResponsiveStyle_key_bp__3xgq1l8s useBoxStyles_width_full__3xgq1lfj useBoxStyles_height_full__3xgq1lfl useBoxStyles_position_absolute__3xgq1lfm reset_appearance__1oah0220 reset_cursorPointer__1oah0221 reset_trimmedBlockElement__1oah0225 reset_button__1oah0226 CheckableBase_nativeInput_default__y94qv2"
    name=""
    type="checkbox"
    value="1"
  />
  <div
    class="reset_block__1oah0223 useBoxStyles_display_flex__3xgq1lfy useBoxStyles_position_relative__3xgq1lfo useBoxStyles_makeResponsiveStyle_key_bp__3xgq1lgn useBoxStyles_makeResponsiveStyle_key_bp__3xgq1lhk CheckableBase_checkable__y94qv4 reset_appearance__1oah0220 reset_cursorPointer__1oah0221 reset_trimmedBlockElement__1oah0225 reset_button__1oah0226"
  >
    <div
      class="reset_block__1oah0223 useBoxStyles_border_style__3xgq1l9k useBoxStyles_border_colour_top_gray__3xgq1l9m useBoxStyles_border_colour_right_gray__3xgq1l9y useBoxStyles_border_colour_bottom_gray__3xgq1laa useBoxStyles_border_colour_left_gray__3xgq1lam useBoxStyles_makeResponsiveStyle_key_bp__3xgq1lb1 useBoxStyles_makeResponsiveStyle_key_bp__3xgq1lbh useBoxStyles_makeResponsiveStyle_key_bp__3xgq1lbx useBoxStyles_makeResponsiveStyle_key_bp__3xgq1lcd CheckableBase_checkableItem__y94qv5 CheckBox_base_default__1ifzuoz1"
    />
  </div>
  <label
    class="reset_inlineText__1oah0222 useBoxStyles_width_full__3xgq1lfj reset_appearance__1oah0220 reset_cursorPointer__1oah0221 reset_trimmedBlockElement__1oah0225 reset_button__1oah0226 useTextStyles_root__1xnpmd70 reset_block__1oah0223 useTextStyles_colours_neutral__1xnpmd7i useTextStyles_sizes_4__1xnpmd74"
  >
    <h1
      class="reset_blockText__1oah022c useTextStyles_root__1xnpmd70 reset_block__1oah0223 useTextStyles_colours_dark__1xnpmd7f useTextStyles_fontWeight_bold__1xnpmd7q useTextStyles_sizes_8__1xnpmd78"
    >
      Hello checkbox
    </h1>
  </label>
</div>
`;
