// Vitest Snapshot v1, https://vitest.dev/guide/snapshot.html

exports[`<Section /> > should match the snapshot for negative value 1`] = `
<div
  class="theme_OD_Base__j49br80"
  data-od-component="provider"
>
  <div
    class="elementReset_resetVariants__18vhvlid elementReset_resetVariants_as_div__18vhvlie elementReset_block__18vhvli4 sprinkles_paddingBottom_2_mobile__onxwjurv sprinkles_paddingLeft_2_mobile__onxwjusz sprinkles_paddingRight_2_mobile__onxwjuu3 sprinkles_paddingTop_2_mobile__onxwjuv7 sprinkles_display_inline-block_mobile__onxwju7j sprinkles_position_relative_mobile__onxwju8z sprinkles_backgroundColour_gray900__onxwju4e sprinkles_borderRadius_full_mobile__onxwjuav"
    data-od-component="number-bubble"
  >
    <span
      class="elementReset_resetVariants__18vhvlid elementReset_resetVariants_as_span__18vhvlim  sprinkles_textAlign_left_mobile__onxwju9f typography_typographyStyles__yhjp331j typography_typographyStyles_as_span__yhjp331m  typography_typographyStyles_strong_true__yhjp332k typography_typographyStyles_weight_normal__yhjp332o typography__yhjp331c sprinkles_fontWeight_normal__onxwju62 typography_typographyStyles_colour_white__yhjp3321 typography__yhjp33s typography_color_white__yhjp336 typography_typographyStyles_size_2__yhjp332c typography__yhjp3311 sprinkles_fontSize_2__onxwju5u sprinkles_lineHeight_2__onxwju5l typography__yhjp331i sprinkles_fontWeight_bold__onxwju64 NumberBubble_bubbleText__1hqdrce0 sprinkles_position_absolute_mobile__onxwju93"
    >
      -3
    </span>
  </div>
</div>
`;

exports[`<Section /> > should match the snapshot for positive value 1`] = `
<div
  class="theme_OD_Base__j49br80"
  data-od-component="provider"
>
  <div
    class="elementReset_resetVariants__18vhvlid elementReset_resetVariants_as_div__18vhvlie elementReset_block__18vhvli4 sprinkles_paddingBottom_2_mobile__onxwjurv sprinkles_paddingLeft_2_mobile__onxwjusz sprinkles_paddingRight_2_mobile__onxwjuu3 sprinkles_paddingTop_2_mobile__onxwjuv7 sprinkles_display_inline-block_mobile__onxwju7j sprinkles_position_relative_mobile__onxwju8z sprinkles_backgroundColour_gray900__onxwju4e sprinkles_borderRadius_full_mobile__onxwjuav"
    data-od-component="number-bubble"
  >
    <span
      class="elementReset_resetVariants__18vhvlid elementReset_resetVariants_as_span__18vhvlim  sprinkles_textAlign_left_mobile__onxwju9f typography_typographyStyles__yhjp331j typography_typographyStyles_as_span__yhjp331m  typography_typographyStyles_strong_true__yhjp332k typography_typographyStyles_weight_normal__yhjp332o typography__yhjp331c sprinkles_fontWeight_normal__onxwju62 typography_typographyStyles_colour_white__yhjp3321 typography__yhjp33s typography_color_white__yhjp336 typography_typographyStyles_size_2__yhjp332c typography__yhjp3311 sprinkles_fontSize_2__onxwju5u sprinkles_lineHeight_2__onxwju5l typography__yhjp331i sprinkles_fontWeight_bold__onxwju64 NumberBubble_bubbleText__1hqdrce0 sprinkles_position_absolute_mobile__onxwju93"
    >
      3
    </span>
  </div>
</div>
`;
