// Vitest Snapshot v1, https://vitest.dev/guide/snapshot.html

exports[`<Actions /> > should match the snapshot 1`] = `
<div
  class="vars_OD_Base__1f5yyro0"
>
  <div
    class="reset_block__1oah0223 useBoxStyles_display_flex__3xgq1lga useBoxStyles_makeResponsiveStyle_key_bp__3xgq1lh7 useNegativeMarginLeft_makeResponsiveStyle_key_bp__10sqwm28 useNegativeMarginTop_makeResponsiveStyle_key_bp__rvovxw8 Columns_align_stretch__15fwc182b Columns_wrapping_wrap__15fwc1828"
  />
</div>
`;
