// Vitest Snapshot v1, https://vitest.dev/guide/snapshot.html

exports[`<DatePicker /> > should match snapshot without label 1`] = `
<div
  class="theme_OD_Base__j49br80"
  data-od-component="provider"
>
  <div
    class="elementReset_resetVariants__18vhvlid elementReset_resetVariants_as_div__18vhvlie elementReset_block__18vhvli4 sprinkles_overflow_hidden_mobile__onxwju7h sprinkles_position_relative_mobile__onxwju8h"
  >
    <input
      class="elementReset_resetVariants__18vhvlid elementReset_resetVariants_as_input__18vhvli14 elementReset_trimmedElement__18vhvli0 elementReset_input__18vhvli9 sprinkles_height_full_mobile__onxwjufl sprinkles_position_absolute_mobile__onxwju8l sprinkles_width_full_mobile__onxwjuh5 DatePicker_input__1j3uugj0"
      type="date"
    />
    <div
      class="elementReset_resetVariants__18vhvlid elementReset_resetVariants_as_div__18vhvlie elementReset_block__18vhvli4 DatePicker_contents_default__1j3uugj1"
    >
      <span
        class="elementReset_resetVariants__18vhvlid elementReset_resetVariants_as_span__18vhvlim  sprinkles_display_block_mobile__onxwju6d Icon_makeResponsiveStyle_key_bp__1gy3ire4"
        data-od-component="icon"
      >
        <svg
          aria-hidden="true"
          class="elementReset_resetVariants__18vhvlid elementReset_resetVariants_as_div__18vhvlie elementReset_block__18vhvli4 sprinkles_display_block_mobile__onxwju6d sprinkles_width_full_mobile__onxwjuh5 sprinkles_height_full_mobile__onxwjufl"
          fill="currentColor"
          focusable="false"
          viewBox="0 0 24 24"
          xmlns="http://www.w3.org/2000/svg"
        >
          <path
            d="M19 18.998H5v-11h14m-3-7v2H8v-2H6v2H5a1.99 1.99 0 00-1.99 2l-.01 14a2 2 0 002 2h14c1.102 0 2-.896 2-2v-14a2 2 0 00-2-2h-1v-2m-1 11h-5v5h5v-5z"
          />
        </svg>
      </span>
    </div>
  </div>
</div>
`;
