// Vitest Snapshot v1, https://vitest.dev/guide/snapshot.html

exports[`<RadioButton /> > when nested in a RadioGroup > should match the snapshot for a checked radio 1`] = `
<div
  class="theme_OD_Base__j49br80"
  data-od-component="provider"
>
  <div
    class="elementReset_resetVariants__18vhvlid elementReset_resetVariants_as_div__18vhvlie elementReset_block__18vhvli4 sprinkles_paddingBottom_none_mobile__onxwjuu9 sprinkles_paddingLeft_none_mobile__onxwjuvd sprinkles_paddingRight_none_mobile__onxwjuwh sprinkles_paddingTop_none_mobile__onxwjuxl sprinkles_display_flex_mobile__onxwju6l sprinkles_position_relative_mobile__onxwju8h sprinkles_width_full_mobile__onxwjuh5 sprinkles_flexDirection_column_mobile__onxwjupx"
  >
    <div
      class="elementReset_resetVariants__18vhvlid elementReset_resetVariants_as_div__18vhvlie elementReset_block__18vhvli4 sprinkles_paddingTop_3_mobile__onxwjuwt sprinkles_paddingBottom_3_mobile__onxwjuth sprinkles_display_flex_mobile__onxwju6l sprinkles_position_relative_mobile__onxwju8h sprinkles_alignItems_center_mobile__onxwjumt sprinkles_flexDirection_row_mobile__onxwjupt sprinkles_justifyContent_start_mobile__onxwjup1 sprinkles_paddingLeft_none_mobile__onxwjuvd sprinkles_paddingRight_3_mobile__onxwjuvp CheckableBase_root__y94qv0 elementReset_resetVariants__18vhvlid elementReset_resetVariants_as_button__18vhvli12 elementReset_trimmedElement__18vhvli0 elementReset_button__18vhvli5"
    >
      <input
        class="elementReset_resetVariants__18vhvlid elementReset_resetVariants_as_input__18vhvli14 elementReset_trimmedElement__18vhvli0 elementReset_input__18vhvli9 sprinkles_paddingBottom_none_mobile__onxwjuu9 sprinkles_paddingLeft_none_mobile__onxwjuvd sprinkles_paddingRight_none_mobile__onxwjuwh sprinkles_paddingTop_none_mobile__onxwjuxl sprinkles_marginBottom_none_mobile__onxwjuyp sprinkles_marginLeft_none_mobile__onxwjuzt sprinkles_marginRight_none_mobile__onxwju111 sprinkles_marginTop_none_mobile__onxwju129 sprinkles_height_full_mobile__onxwjufl sprinkles_position_absolute_mobile__onxwju8l sprinkles_width_full_mobile__onxwjuh5 elementReset_resetVariants__18vhvlid elementReset_resetVariants_as_button__18vhvli12 elementReset_trimmedElement__18vhvli0 elementReset_button__18vhvli5 CheckableBase_nativeInput__y94qv2"
        id="_r_3_"
        name="radio"
        type="radio"
        value="1"
      />
      <div
        class="elementReset_resetVariants__18vhvlid elementReset_resetVariants_as_div__18vhvlie elementReset_block__18vhvli4 sprinkles_display_flex_mobile__onxwju6l sprinkles_position_relative_mobile__onxwju8h sprinkles_alignItems_center_mobile__onxwjumt sprinkles_justifyContent_center_mobile__onxwjuoh CheckableBase_checkable__y94qv3 elementReset_resetVariants__18vhvlid elementReset_resetVariants_as_button__18vhvli12 elementReset_trimmedElement__18vhvli0 elementReset_button__18vhvli5"
      >
        <div
          class="elementReset_resetVariants__18vhvlid elementReset_resetVariants_as_div__18vhvlie elementReset_block__18vhvli4 CheckableBase_checkableIndicator__y94qv4 Radio_radio__1eqx41h1 Radio_circleBase__1eqx41h0"
        />
        <div
          class="elementReset_resetVariants__18vhvlid elementReset_resetVariants_as_div__18vhvlie elementReset_block__18vhvli4 Radio_inner__1eqx41h3 Radio_circleBase__1eqx41h0"
        />
      </div>
      <label
        class="elementReset_resetVariants__18vhvlid elementReset_resetVariants_as_label__18vhvlin  sprinkles_width_full_mobile__onxwjuh5 elementReset_resetVariants__18vhvlid elementReset_resetVariants_as_button__18vhvli12 elementReset_trimmedElement__18vhvli0 elementReset_button__18vhvli5 elementReset_resetVariants__18vhvlid elementReset_resetVariants_as_span__18vhvlim  typography_common__yhjp33f sprinkles_fontSize_4_mobile__onxwjua9 sprinkles_lineHeight_4_mobile__onxwju99 sprinkles_fontWeight_normal__onxwju5k typography_color_neutral__yhjp338"
        for="_r_3_"
      >
        <span
          class="elementReset_resetVariants__18vhvlid elementReset_resetVariants_as_span__18vhvlim  elementReset_resetVariants__18vhvlid elementReset_resetVariants_as_span__18vhvlim  typography_common__yhjp33f sprinkles_fontSize_4_mobile__onxwjua9 sprinkles_lineHeight_4_mobile__onxwju99 sprinkles_fontWeight_normal__onxwju5k typography_color_neutral__yhjp338"
        >
          radio label 1
        </span>
      </label>
    </div>
    <div
      class="elementReset_resetVariants__18vhvlid elementReset_resetVariants_as_div__18vhvlie elementReset_block__18vhvli4 sprinkles_paddingTop_3_mobile__onxwjuwt sprinkles_paddingBottom_3_mobile__onxwjuth sprinkles_display_flex_mobile__onxwju6l sprinkles_position_relative_mobile__onxwju8h sprinkles_alignItems_center_mobile__onxwjumt sprinkles_flexDirection_row_mobile__onxwjupt sprinkles_justifyContent_start_mobile__onxwjup1 sprinkles_paddingLeft_none_mobile__onxwjuvd sprinkles_paddingRight_3_mobile__onxwjuvp CheckableBase_root__y94qv0 elementReset_resetVariants__18vhvlid elementReset_resetVariants_as_button__18vhvli12 elementReset_trimmedElement__18vhvli0 elementReset_button__18vhvli5"
    >
      <input
        class="elementReset_resetVariants__18vhvlid elementReset_resetVariants_as_input__18vhvli14 elementReset_trimmedElement__18vhvli0 elementReset_input__18vhvli9 sprinkles_paddingBottom_none_mobile__onxwjuu9 sprinkles_paddingLeft_none_mobile__onxwjuvd sprinkles_paddingRight_none_mobile__onxwjuwh sprinkles_paddingTop_none_mobile__onxwjuxl sprinkles_marginBottom_none_mobile__onxwjuyp sprinkles_marginLeft_none_mobile__onxwjuzt sprinkles_marginRight_none_mobile__onxwju111 sprinkles_marginTop_none_mobile__onxwju129 sprinkles_height_full_mobile__onxwjufl sprinkles_position_absolute_mobile__onxwju8l sprinkles_width_full_mobile__onxwjuh5 elementReset_resetVariants__18vhvlid elementReset_resetVariants_as_button__18vhvli12 elementReset_trimmedElement__18vhvli0 elementReset_button__18vhvli5 CheckableBase_nativeInput__y94qv2"
        id="_r_4_"
        name="radio"
        type="radio"
        value="2"
      />
      <div
        class="elementReset_resetVariants__18vhvlid elementReset_resetVariants_as_div__18vhvlie elementReset_block__18vhvli4 sprinkles_display_flex_mobile__onxwju6l sprinkles_position_relative_mobile__onxwju8h sprinkles_alignItems_center_mobile__onxwjumt sprinkles_justifyContent_center_mobile__onxwjuoh CheckableBase_checkable__y94qv3 elementReset_resetVariants__18vhvlid elementReset_resetVariants_as_button__18vhvli12 elementReset_trimmedElement__18vhvli0 elementReset_button__18vhvli5"
      >
        <div
          class="elementReset_resetVariants__18vhvlid elementReset_resetVariants_as_div__18vhvlie elementReset_block__18vhvli4 CheckableBase_checkableIndicator__y94qv4 Radio_radio__1eqx41h1 Radio_circleBase__1eqx41h0"
        />
        <div
          class="elementReset_resetVariants__18vhvlid elementReset_resetVariants_as_div__18vhvlie elementReset_block__18vhvli4 Radio_inner__1eqx41h3 Radio_circleBase__1eqx41h0"
        />
      </div>
      <label
        class="elementReset_resetVariants__18vhvlid elementReset_resetVariants_as_label__18vhvlin  sprinkles_width_full_mobile__onxwjuh5 elementReset_resetVariants__18vhvlid elementReset_resetVariants_as_button__18vhvli12 elementReset_trimmedElement__18vhvli0 elementReset_button__18vhvli5 elementReset_resetVariants__18vhvlid elementReset_resetVariants_as_span__18vhvlim  typography_common__yhjp33f sprinkles_fontSize_4_mobile__onxwjua9 sprinkles_lineHeight_4_mobile__onxwju99 sprinkles_fontWeight_normal__onxwju5k typography_color_neutral__yhjp338"
        for="_r_4_"
      >
        <span
          class="elementReset_resetVariants__18vhvlid elementReset_resetVariants_as_span__18vhvlim  elementReset_resetVariants__18vhvlid elementReset_resetVariants_as_span__18vhvlim  typography_common__yhjp33f sprinkles_fontSize_4_mobile__onxwjua9 sprinkles_lineHeight_4_mobile__onxwju99 sprinkles_fontWeight_normal__onxwju5k typography_color_neutral__yhjp338"
        >
          radio label 2
        </span>
      </label>
    </div>
  </div>
</div>
`;

exports[`<RadioButton /> > when nested in a RadioGroup > should match the snapshot for a group of radios 1`] = `
<div
  class="theme_OD_Base__j49br80"
  data-od-component="provider"
>
  <div
    class="elementReset_resetVariants__18vhvlid elementReset_resetVariants_as_div__18vhvlie elementReset_block__18vhvli4 sprinkles_paddingBottom_none_mobile__onxwjuu9 sprinkles_paddingLeft_none_mobile__onxwjuvd sprinkles_paddingRight_none_mobile__onxwjuwh sprinkles_paddingTop_none_mobile__onxwjuxl sprinkles_display_flex_mobile__onxwju6l sprinkles_position_relative_mobile__onxwju8h sprinkles_width_full_mobile__onxwjuh5 sprinkles_flexDirection_column_mobile__onxwjupx"
  >
    <div
      class="elementReset_resetVariants__18vhvlid elementReset_resetVariants_as_div__18vhvlie elementReset_block__18vhvli4 sprinkles_paddingTop_3_mobile__onxwjuwt sprinkles_paddingBottom_3_mobile__onxwjuth sprinkles_display_flex_mobile__onxwju6l sprinkles_position_relative_mobile__onxwju8h sprinkles_alignItems_center_mobile__onxwjumt sprinkles_flexDirection_row_mobile__onxwjupt sprinkles_justifyContent_start_mobile__onxwjup1 sprinkles_paddingLeft_none_mobile__onxwjuvd sprinkles_paddingRight_3_mobile__onxwjuvp CheckableBase_root__y94qv0 elementReset_resetVariants__18vhvlid elementReset_resetVariants_as_button__18vhvli12 elementReset_trimmedElement__18vhvli0 elementReset_button__18vhvli5"
    >
      <input
        checked=""
        class="elementReset_resetVariants__18vhvlid elementReset_resetVariants_as_input__18vhvli14 elementReset_trimmedElement__18vhvli0 elementReset_input__18vhvli9 sprinkles_paddingBottom_none_mobile__onxwjuu9 sprinkles_paddingLeft_none_mobile__onxwjuvd sprinkles_paddingRight_none_mobile__onxwjuwh sprinkles_paddingTop_none_mobile__onxwjuxl sprinkles_marginBottom_none_mobile__onxwjuyp sprinkles_marginLeft_none_mobile__onxwjuzt sprinkles_marginRight_none_mobile__onxwju111 sprinkles_marginTop_none_mobile__onxwju129 sprinkles_height_full_mobile__onxwjufl sprinkles_position_absolute_mobile__onxwju8l sprinkles_width_full_mobile__onxwjuh5 elementReset_resetVariants__18vhvlid elementReset_resetVariants_as_button__18vhvli12 elementReset_trimmedElement__18vhvli0 elementReset_button__18vhvli5 CheckableBase_nativeInput__y94qv2"
        id="_r_5_"
        name="radio"
        type="radio"
        value="1"
      />
      <div
        class="elementReset_resetVariants__18vhvlid elementReset_resetVariants_as_div__18vhvlie elementReset_block__18vhvli4 sprinkles_display_flex_mobile__onxwju6l sprinkles_position_relative_mobile__onxwju8h sprinkles_alignItems_center_mobile__onxwjumt sprinkles_justifyContent_center_mobile__onxwjuoh CheckableBase_checkable__y94qv3 elementReset_resetVariants__18vhvlid elementReset_resetVariants_as_button__18vhvli12 elementReset_trimmedElement__18vhvli0 elementReset_button__18vhvli5"
      >
        <div
          class="elementReset_resetVariants__18vhvlid elementReset_resetVariants_as_div__18vhvlie elementReset_block__18vhvli4 CheckableBase_checkableIndicator__y94qv4 Radio_radio__1eqx41h1 Radio_circleBase__1eqx41h0 Radio_radioSelected__1eqx41h2"
        />
        <div
          class="elementReset_resetVariants__18vhvlid elementReset_resetVariants_as_div__18vhvlie elementReset_block__18vhvli4 Radio_inner__1eqx41h3 Radio_circleBase__1eqx41h0 Radio_innerSelected__1eqx41h4"
        />
      </div>
      <label
        class="elementReset_resetVariants__18vhvlid elementReset_resetVariants_as_label__18vhvlin  sprinkles_width_full_mobile__onxwjuh5 elementReset_resetVariants__18vhvlid elementReset_resetVariants_as_button__18vhvli12 elementReset_trimmedElement__18vhvli0 elementReset_button__18vhvli5 elementReset_resetVariants__18vhvlid elementReset_resetVariants_as_span__18vhvlim  typography_common__yhjp33f sprinkles_fontSize_4_mobile__onxwjua9 sprinkles_lineHeight_4_mobile__onxwju99 sprinkles_fontWeight_normal__onxwju5k typography_color_neutral__yhjp338"
        for="_r_5_"
      >
        <span
          class="elementReset_resetVariants__18vhvlid elementReset_resetVariants_as_span__18vhvlim  elementReset_resetVariants__18vhvlid elementReset_resetVariants_as_span__18vhvlim  typography_common__yhjp33f sprinkles_fontSize_4_mobile__onxwjua9 sprinkles_lineHeight_4_mobile__onxwju99 sprinkles_fontWeight_normal__onxwju5k typography_color_neutral__yhjp338"
        >
          radio label 1
        </span>
      </label>
    </div>
    <div
      class="elementReset_resetVariants__18vhvlid elementReset_resetVariants_as_div__18vhvlie elementReset_block__18vhvli4 sprinkles_paddingTop_3_mobile__onxwjuwt sprinkles_paddingBottom_3_mobile__onxwjuth sprinkles_display_flex_mobile__onxwju6l sprinkles_position_relative_mobile__onxwju8h sprinkles_alignItems_center_mobile__onxwjumt sprinkles_flexDirection_row_mobile__onxwjupt sprinkles_justifyContent_start_mobile__onxwjup1 sprinkles_paddingLeft_none_mobile__onxwjuvd sprinkles_paddingRight_3_mobile__onxwjuvp CheckableBase_root__y94qv0 elementReset_resetVariants__18vhvlid elementReset_resetVariants_as_button__18vhvli12 elementReset_trimmedElement__18vhvli0 elementReset_button__18vhvli5"
    >
      <input
        class="elementReset_resetVariants__18vhvlid elementReset_resetVariants_as_input__18vhvli14 elementReset_trimmedElement__18vhvli0 elementReset_input__18vhvli9 sprinkles_paddingBottom_none_mobile__onxwjuu9 sprinkles_paddingLeft_none_mobile__onxwjuvd sprinkles_paddingRight_none_mobile__onxwjuwh sprinkles_paddingTop_none_mobile__onxwjuxl sprinkles_marginBottom_none_mobile__onxwjuyp sprinkles_marginLeft_none_mobile__onxwjuzt sprinkles_marginRight_none_mobile__onxwju111 sprinkles_marginTop_none_mobile__onxwju129 sprinkles_height_full_mobile__onxwjufl sprinkles_position_absolute_mobile__onxwju8l sprinkles_width_full_mobile__onxwjuh5 elementReset_resetVariants__18vhvlid elementReset_resetVariants_as_button__18vhvli12 elementReset_trimmedElement__18vhvli0 elementReset_button__18vhvli5 CheckableBase_nativeInput__y94qv2"
        id="_r_6_"
        name="radio"
        type="radio"
        value="2"
      />
      <div
        class="elementReset_resetVariants__18vhvlid elementReset_resetVariants_as_div__18vhvlie elementReset_block__18vhvli4 sprinkles_display_flex_mobile__onxwju6l sprinkles_position_relative_mobile__onxwju8h sprinkles_alignItems_center_mobile__onxwjumt sprinkles_justifyContent_center_mobile__onxwjuoh CheckableBase_checkable__y94qv3 elementReset_resetVariants__18vhvlid elementReset_resetVariants_as_button__18vhvli12 elementReset_trimmedElement__18vhvli0 elementReset_button__18vhvli5"
      >
        <div
          class="elementReset_resetVariants__18vhvlid elementReset_resetVariants_as_div__18vhvlie elementReset_block__18vhvli4 CheckableBase_checkableIndicator__y94qv4 Radio_radio__1eqx41h1 Radio_circleBase__1eqx41h0"
        />
        <div
          class="elementReset_resetVariants__18vhvlid elementReset_resetVariants_as_div__18vhvlie elementReset_block__18vhvli4 Radio_inner__1eqx41h3 Radio_circleBase__1eqx41h0"
        />
      </div>
      <label
        class="elementReset_resetVariants__18vhvlid elementReset_resetVariants_as_label__18vhvlin  sprinkles_width_full_mobile__onxwjuh5 elementReset_resetVariants__18vhvlid elementReset_resetVariants_as_button__18vhvli12 elementReset_trimmedElement__18vhvli0 elementReset_button__18vhvli5 elementReset_resetVariants__18vhvlid elementReset_resetVariants_as_span__18vhvlim  typography_common__yhjp33f sprinkles_fontSize_4_mobile__onxwjua9 sprinkles_lineHeight_4_mobile__onxwju99 sprinkles_fontWeight_normal__onxwju5k typography_color_neutral__yhjp338"
        for="_r_6_"
      >
        <span
          class="elementReset_resetVariants__18vhvlid elementReset_resetVariants_as_span__18vhvlim  elementReset_resetVariants__18vhvlid elementReset_resetVariants_as_span__18vhvlim  typography_common__yhjp33f sprinkles_fontSize_4_mobile__onxwjua9 sprinkles_lineHeight_4_mobile__onxwju99 sprinkles_fontWeight_normal__onxwju5k typography_color_neutral__yhjp338"
        >
          radio label 2
        </span>
      </label>
    </div>
    <div
      class="elementReset_resetVariants__18vhvlid elementReset_resetVariants_as_div__18vhvlie elementReset_block__18vhvli4 sprinkles_paddingTop_3_mobile__onxwjuwt sprinkles_paddingBottom_3_mobile__onxwjuth sprinkles_display_flex_mobile__onxwju6l sprinkles_position_relative_mobile__onxwju8h sprinkles_alignItems_center_mobile__onxwjumt sprinkles_flexDirection_row_mobile__onxwjupt sprinkles_justifyContent_start_mobile__onxwjup1 sprinkles_paddingLeft_none_mobile__onxwjuvd sprinkles_paddingRight_3_mobile__onxwjuvp CheckableBase_root__y94qv0 elementReset_resetVariants__18vhvlid elementReset_resetVariants_as_button__18vhvli12 elementReset_trimmedElement__18vhvli0 elementReset_button__18vhvli5"
    >
      <input
        class="elementReset_resetVariants__18vhvlid elementReset_resetVariants_as_input__18vhvli14 elementReset_trimmedElement__18vhvli0 elementReset_input__18vhvli9 sprinkles_paddingBottom_none_mobile__onxwjuu9 sprinkles_paddingLeft_none_mobile__onxwjuvd sprinkles_paddingRight_none_mobile__onxwjuwh sprinkles_paddingTop_none_mobile__onxwjuxl sprinkles_marginBottom_none_mobile__onxwjuyp sprinkles_marginLeft_none_mobile__onxwjuzt sprinkles_marginRight_none_mobile__onxwju111 sprinkles_marginTop_none_mobile__onxwju129 sprinkles_height_full_mobile__onxwjufl sprinkles_position_absolute_mobile__onxwju8l sprinkles_width_full_mobile__onxwjuh5 elementReset_resetVariants__18vhvlid elementReset_resetVariants_as_button__18vhvli12 elementReset_trimmedElement__18vhvli0 elementReset_button__18vhvli5 CheckableBase_nativeInput__y94qv2"
        id="_r_7_"
        name="radio"
        type="radio"
        value="3"
      />
      <div
        class="elementReset_resetVariants__18vhvlid elementReset_resetVariants_as_div__18vhvlie elementReset_block__18vhvli4 sprinkles_display_flex_mobile__onxwju6l sprinkles_position_relative_mobile__onxwju8h sprinkles_alignItems_center_mobile__onxwjumt sprinkles_justifyContent_center_mobile__onxwjuoh CheckableBase_checkable__y94qv3 elementReset_resetVariants__18vhvlid elementReset_resetVariants_as_button__18vhvli12 elementReset_trimmedElement__18vhvli0 elementReset_button__18vhvli5"
      >
        <div
          class="elementReset_resetVariants__18vhvlid elementReset_resetVariants_as_div__18vhvlie elementReset_block__18vhvli4 CheckableBase_checkableIndicator__y94qv4 Radio_radio__1eqx41h1 Radio_circleBase__1eqx41h0"
        />
        <div
          class="elementReset_resetVariants__18vhvlid elementReset_resetVariants_as_div__18vhvlie elementReset_block__18vhvli4 Radio_inner__1eqx41h3 Radio_circleBase__1eqx41h0"
        />
      </div>
      <label
        class="elementReset_resetVariants__18vhvlid elementReset_resetVariants_as_label__18vhvlin  sprinkles_width_full_mobile__onxwjuh5 elementReset_resetVariants__18vhvlid elementReset_resetVariants_as_button__18vhvli12 elementReset_trimmedElement__18vhvli0 elementReset_button__18vhvli5 elementReset_resetVariants__18vhvlid elementReset_resetVariants_as_span__18vhvlim  typography_common__yhjp33f sprinkles_fontSize_4_mobile__onxwjua9 sprinkles_lineHeight_4_mobile__onxwju99 sprinkles_fontWeight_normal__onxwju5k typography_color_neutral__yhjp338"
        for="_r_7_"
      >
        <span
          class="elementReset_resetVariants__18vhvlid elementReset_resetVariants_as_span__18vhvlim  elementReset_resetVariants__18vhvlid elementReset_resetVariants_as_span__18vhvlim  typography_common__yhjp33f sprinkles_fontSize_4_mobile__onxwjua9 sprinkles_lineHeight_4_mobile__onxwju99 sprinkles_fontWeight_normal__onxwju5k typography_color_neutral__yhjp338"
        >
          radio label 3
        </span>
      </label>
    </div>
    <div
      class="elementReset_resetVariants__18vhvlid elementReset_resetVariants_as_div__18vhvlie elementReset_block__18vhvli4 sprinkles_paddingTop_3_mobile__onxwjuwt sprinkles_paddingBottom_3_mobile__onxwjuth sprinkles_display_flex_mobile__onxwju6l sprinkles_position_relative_mobile__onxwju8h sprinkles_alignItems_center_mobile__onxwjumt sprinkles_flexDirection_row_mobile__onxwjupt sprinkles_justifyContent_start_mobile__onxwjup1 sprinkles_paddingLeft_none_mobile__onxwjuvd sprinkles_paddingRight_3_mobile__onxwjuvp CheckableBase_root__y94qv0 elementReset_resetVariants__18vhvlid elementReset_resetVariants_as_button__18vhvli12 elementReset_trimmedElement__18vhvli0 elementReset_button__18vhvli5"
    >
      <input
        class="elementReset_resetVariants__18vhvlid elementReset_resetVariants_as_input__18vhvli14 elementReset_trimmedElement__18vhvli0 elementReset_input__18vhvli9 sprinkles_paddingBottom_none_mobile__onxwjuu9 sprinkles_paddingLeft_none_mobile__onxwjuvd sprinkles_paddingRight_none_mobile__onxwjuwh sprinkles_paddingTop_none_mobile__onxwjuxl sprinkles_marginBottom_none_mobile__onxwjuyp sprinkles_marginLeft_none_mobile__onxwjuzt sprinkles_marginRight_none_mobile__onxwju111 sprinkles_marginTop_none_mobile__onxwju129 sprinkles_height_full_mobile__onxwjufl sprinkles_position_absolute_mobile__onxwju8l sprinkles_width_full_mobile__onxwjuh5 elementReset_resetVariants__18vhvlid elementReset_resetVariants_as_button__18vhvli12 elementReset_trimmedElement__18vhvli0 elementReset_button__18vhvli5 CheckableBase_nativeInput__y94qv2"
        id="_r_8_"
        name="radio"
        type="radio"
        value="4"
      />
      <div
        class="elementReset_resetVariants__18vhvlid elementReset_resetVariants_as_div__18vhvlie elementReset_block__18vhvli4 sprinkles_display_flex_mobile__onxwju6l sprinkles_position_relative_mobile__onxwju8h sprinkles_alignItems_center_mobile__onxwjumt sprinkles_justifyContent_center_mobile__onxwjuoh CheckableBase_checkable__y94qv3 elementReset_resetVariants__18vhvlid elementReset_resetVariants_as_button__18vhvli12 elementReset_trimmedElement__18vhvli0 elementReset_button__18vhvli5"
      >
        <div
          class="elementReset_resetVariants__18vhvlid elementReset_resetVariants_as_div__18vhvlie elementReset_block__18vhvli4 CheckableBase_checkableIndicator__y94qv4 Radio_radio__1eqx41h1 Radio_circleBase__1eqx41h0"
        />
        <div
          class="elementReset_resetVariants__18vhvlid elementReset_resetVariants_as_div__18vhvlie elementReset_block__18vhvli4 Radio_inner__1eqx41h3 Radio_circleBase__1eqx41h0"
        />
      </div>
      <label
        class="elementReset_resetVariants__18vhvlid elementReset_resetVariants_as_label__18vhvlin  sprinkles_width_full_mobile__onxwjuh5 elementReset_resetVariants__18vhvlid elementReset_resetVariants_as_button__18vhvli12 elementReset_trimmedElement__18vhvli0 elementReset_button__18vhvli5 elementReset_resetVariants__18vhvlid elementReset_resetVariants_as_span__18vhvlim  typography_common__yhjp33f sprinkles_fontSize_4_mobile__onxwjua9 sprinkles_lineHeight_4_mobile__onxwju99 sprinkles_fontWeight_normal__onxwju5k typography_color_neutral__yhjp338"
        for="_r_8_"
      >
        <span
          class="elementReset_resetVariants__18vhvlid elementReset_resetVariants_as_span__18vhvlim  elementReset_resetVariants__18vhvlid elementReset_resetVariants_as_span__18vhvlim  typography_common__yhjp33f sprinkles_fontSize_4_mobile__onxwjua9 sprinkles_lineHeight_4_mobile__onxwju99 sprinkles_fontWeight_normal__onxwju5k typography_color_neutral__yhjp338"
        >
          radio label 4
        </span>
      </label>
    </div>
  </div>
</div>
`;

exports[`<RadioButton /> > when nested in a RadioGroup > should match the snapshot for a single radio 1`] = `
<div
  class="theme_OD_Base__j49br80"
  data-od-component="provider"
>
  <div
    class="elementReset_resetVariants__18vhvlid elementReset_resetVariants_as_div__18vhvlie elementReset_block__18vhvli4 sprinkles_paddingBottom_none_mobile__onxwjuu9 sprinkles_paddingLeft_none_mobile__onxwjuvd sprinkles_paddingRight_none_mobile__onxwjuwh sprinkles_paddingTop_none_mobile__onxwjuxl sprinkles_display_flex_mobile__onxwju6l sprinkles_position_relative_mobile__onxwju8h sprinkles_width_full_mobile__onxwjuh5 sprinkles_flexDirection_column_mobile__onxwjupx"
  >
    <div
      class="elementReset_resetVariants__18vhvlid elementReset_resetVariants_as_div__18vhvlie elementReset_block__18vhvli4 sprinkles_paddingTop_3_mobile__onxwjuwt sprinkles_paddingBottom_3_mobile__onxwjuth sprinkles_display_flex_mobile__onxwju6l sprinkles_position_relative_mobile__onxwju8h sprinkles_alignItems_center_mobile__onxwjumt sprinkles_flexDirection_row_mobile__onxwjupt sprinkles_justifyContent_start_mobile__onxwjup1 sprinkles_paddingLeft_none_mobile__onxwjuvd sprinkles_paddingRight_3_mobile__onxwjuvp CheckableBase_root__y94qv0 elementReset_resetVariants__18vhvlid elementReset_resetVariants_as_button__18vhvli12 elementReset_trimmedElement__18vhvli0 elementReset_button__18vhvli5"
    >
      <input
        class="elementReset_resetVariants__18vhvlid elementReset_resetVariants_as_input__18vhvli14 elementReset_trimmedElement__18vhvli0 elementReset_input__18vhvli9 sprinkles_paddingBottom_none_mobile__onxwjuu9 sprinkles_paddingLeft_none_mobile__onxwjuvd sprinkles_paddingRight_none_mobile__onxwjuwh sprinkles_paddingTop_none_mobile__onxwjuxl sprinkles_marginBottom_none_mobile__onxwjuyp sprinkles_marginLeft_none_mobile__onxwjuzt sprinkles_marginRight_none_mobile__onxwju111 sprinkles_marginTop_none_mobile__onxwju129 sprinkles_height_full_mobile__onxwjufl sprinkles_position_absolute_mobile__onxwju8l sprinkles_width_full_mobile__onxwjuh5 elementReset_resetVariants__18vhvlid elementReset_resetVariants_as_button__18vhvli12 elementReset_trimmedElement__18vhvli0 elementReset_button__18vhvli5 CheckableBase_nativeInput__y94qv2"
        id="_r_2_"
        name="radio"
        type="radio"
        value="1"
      />
      <div
        class="elementReset_resetVariants__18vhvlid elementReset_resetVariants_as_div__18vhvlie elementReset_block__18vhvli4 sprinkles_display_flex_mobile__onxwju6l sprinkles_position_relative_mobile__onxwju8h sprinkles_alignItems_center_mobile__onxwjumt sprinkles_justifyContent_center_mobile__onxwjuoh CheckableBase_checkable__y94qv3 elementReset_resetVariants__18vhvlid elementReset_resetVariants_as_button__18vhvli12 elementReset_trimmedElement__18vhvli0 elementReset_button__18vhvli5"
      >
        <div
          class="elementReset_resetVariants__18vhvlid elementReset_resetVariants_as_div__18vhvlie elementReset_block__18vhvli4 CheckableBase_checkableIndicator__y94qv4 Radio_radio__1eqx41h1 Radio_circleBase__1eqx41h0"
        />
        <div
          class="elementReset_resetVariants__18vhvlid elementReset_resetVariants_as_div__18vhvlie elementReset_block__18vhvli4 Radio_inner__1eqx41h3 Radio_circleBase__1eqx41h0"
        />
      </div>
      <label
        class="elementReset_resetVariants__18vhvlid elementReset_resetVariants_as_label__18vhvlin  sprinkles_width_full_mobile__onxwjuh5 elementReset_resetVariants__18vhvlid elementReset_resetVariants_as_button__18vhvli12 elementReset_trimmedElement__18vhvli0 elementReset_button__18vhvli5 elementReset_resetVariants__18vhvlid elementReset_resetVariants_as_span__18vhvlim  typography_common__yhjp33f sprinkles_fontSize_4_mobile__onxwjua9 sprinkles_lineHeight_4_mobile__onxwju99 sprinkles_fontWeight_normal__onxwju5k typography_color_neutral__yhjp338"
        for="_r_2_"
      >
        <span
          class="elementReset_resetVariants__18vhvlid elementReset_resetVariants_as_span__18vhvlim  elementReset_resetVariants__18vhvlid elementReset_resetVariants_as_span__18vhvlim  typography_common__yhjp33f sprinkles_fontSize_4_mobile__onxwjua9 sprinkles_lineHeight_4_mobile__onxwju99 sprinkles_fontWeight_normal__onxwju5k typography_color_neutral__yhjp338"
        >
          radio label 1
        </span>
      </label>
    </div>
  </div>
</div>
`;

exports[`<RadioButton /> > when nested in a RadioGroup > should match the snapshot for a single radio with no value or label 1`] = `
<div
  class="theme_OD_Base__j49br80"
  data-od-component="provider"
>
  <div
    class="elementReset_resetVariants__18vhvlid elementReset_resetVariants_as_div__18vhvlie elementReset_block__18vhvli4 sprinkles_paddingBottom_none_mobile__onxwjuu9 sprinkles_paddingLeft_none_mobile__onxwjuvd sprinkles_paddingRight_none_mobile__onxwjuwh sprinkles_paddingTop_none_mobile__onxwjuxl sprinkles_display_flex_mobile__onxwju6l sprinkles_position_relative_mobile__onxwju8h sprinkles_width_full_mobile__onxwjuh5 sprinkles_flexDirection_column_mobile__onxwjupx"
  >
    <div
      class="elementReset_resetVariants__18vhvlid elementReset_resetVariants_as_div__18vhvlie elementReset_block__18vhvli4 sprinkles_paddingTop_3_mobile__onxwjuwt sprinkles_paddingBottom_3_mobile__onxwjuth sprinkles_display_flex_mobile__onxwju6l sprinkles_position_relative_mobile__onxwju8h sprinkles_alignItems_center_mobile__onxwjumt sprinkles_flexDirection_row_mobile__onxwjupt sprinkles_justifyContent_start_mobile__onxwjup1 sprinkles_paddingLeft_none_mobile__onxwjuvd sprinkles_paddingRight_none_mobile__onxwjuwh CheckableBase_root__y94qv0 elementReset_resetVariants__18vhvlid elementReset_resetVariants_as_button__18vhvli12 elementReset_trimmedElement__18vhvli0 elementReset_button__18vhvli5"
    >
      <input
        checked=""
        class="elementReset_resetVariants__18vhvlid elementReset_resetVariants_as_input__18vhvli14 elementReset_trimmedElement__18vhvli0 elementReset_input__18vhvli9 sprinkles_paddingBottom_none_mobile__onxwjuu9 sprinkles_paddingLeft_none_mobile__onxwjuvd sprinkles_paddingRight_none_mobile__onxwjuwh sprinkles_paddingTop_none_mobile__onxwjuxl sprinkles_marginBottom_none_mobile__onxwjuyp sprinkles_marginLeft_none_mobile__onxwjuzt sprinkles_marginRight_none_mobile__onxwju111 sprinkles_marginTop_none_mobile__onxwju129 sprinkles_height_full_mobile__onxwjufl sprinkles_position_absolute_mobile__onxwju8l sprinkles_width_full_mobile__onxwjuh5 elementReset_resetVariants__18vhvlid elementReset_resetVariants_as_button__18vhvli12 elementReset_trimmedElement__18vhvli0 elementReset_button__18vhvli5 CheckableBase_nativeInput__y94qv2"
        id="_r_1_"
        name="radio"
        type="radio"
      />
      <div
        class="elementReset_resetVariants__18vhvlid elementReset_resetVariants_as_div__18vhvlie elementReset_block__18vhvli4 sprinkles_display_flex_mobile__onxwju6l sprinkles_position_relative_mobile__onxwju8h sprinkles_alignItems_center_mobile__onxwjumt sprinkles_justifyContent_center_mobile__onxwjuoh CheckableBase_checkable__y94qv3 elementReset_resetVariants__18vhvlid elementReset_resetVariants_as_button__18vhvli12 elementReset_trimmedElement__18vhvli0 elementReset_button__18vhvli5"
      >
        <div
          class="elementReset_resetVariants__18vhvlid elementReset_resetVariants_as_div__18vhvlie elementReset_block__18vhvli4 CheckableBase_checkableIndicator__y94qv4 Radio_radio__1eqx41h1 Radio_circleBase__1eqx41h0 Radio_radioSelected__1eqx41h2"
        />
        <div
          class="elementReset_resetVariants__18vhvlid elementReset_resetVariants_as_div__18vhvlie elementReset_block__18vhvli4 Radio_inner__1eqx41h3 Radio_circleBase__1eqx41h0 Radio_innerSelected__1eqx41h4"
        />
      </div>
      <label
        class="elementReset_resetVariants__18vhvlid elementReset_resetVariants_as_label__18vhvlin  sprinkles_width_full_mobile__onxwjuh5 elementReset_resetVariants__18vhvlid elementReset_resetVariants_as_button__18vhvli12 elementReset_trimmedElement__18vhvli0 elementReset_button__18vhvli5 elementReset_resetVariants__18vhvlid elementReset_resetVariants_as_span__18vhvlim  typography_common__yhjp33f sprinkles_fontSize_4_mobile__onxwjua9 sprinkles_lineHeight_4_mobile__onxwju99 sprinkles_fontWeight_normal__onxwju5k typography_color_neutral__yhjp338"
        for="_r_1_"
      >
        <span
          class="elementReset_resetVariants__18vhvlid elementReset_resetVariants_as_span__18vhvlim  elementReset_resetVariants__18vhvlid elementReset_resetVariants_as_span__18vhvlim  typography_common__yhjp33f sprinkles_fontSize_4_mobile__onxwjua9 sprinkles_lineHeight_4_mobile__onxwju99 sprinkles_fontWeight_normal__onxwju5k typography_color_neutral__yhjp338"
        />
      </label>
    </div>
  </div>
</div>
`;

exports[`<RadioButton /> > when with component child > should match the snapshot 1`] = `
<div
  class="theme_OD_Base__j49br80"
  data-od-component="provider"
>
  <div
    class="elementReset_resetVariants__18vhvlid elementReset_resetVariants_as_div__18vhvlie elementReset_block__18vhvli4 sprinkles_paddingBottom_none_mobile__onxwjuu9 sprinkles_paddingLeft_none_mobile__onxwjuvd sprinkles_paddingRight_none_mobile__onxwjuwh sprinkles_paddingTop_none_mobile__onxwjuxl sprinkles_display_flex_mobile__onxwju6l sprinkles_position_relative_mobile__onxwju8h sprinkles_width_full_mobile__onxwjuh5 sprinkles_flexDirection_column_mobile__onxwjupx"
  >
    <div
      class="elementReset_resetVariants__18vhvlid elementReset_resetVariants_as_div__18vhvlie elementReset_block__18vhvli4 sprinkles_paddingTop_3_mobile__onxwjuwt sprinkles_paddingBottom_3_mobile__onxwjuth sprinkles_display_flex_mobile__onxwju6l sprinkles_position_relative_mobile__onxwju8h sprinkles_alignItems_center_mobile__onxwjumt sprinkles_flexDirection_row_mobile__onxwjupt sprinkles_justifyContent_start_mobile__onxwjup1 sprinkles_paddingLeft_none_mobile__onxwjuvd sprinkles_paddingRight_3_mobile__onxwjuvp CheckableBase_root__y94qv0 elementReset_resetVariants__18vhvlid elementReset_resetVariants_as_button__18vhvli12 elementReset_trimmedElement__18vhvli0 elementReset_button__18vhvli5"
    >
      <input
        class="elementReset_resetVariants__18vhvlid elementReset_resetVariants_as_input__18vhvli14 elementReset_trimmedElement__18vhvli0 elementReset_input__18vhvli9 sprinkles_paddingBottom_none_mobile__onxwjuu9 sprinkles_paddingLeft_none_mobile__onxwjuvd sprinkles_paddingRight_none_mobile__onxwjuwh sprinkles_paddingTop_none_mobile__onxwjuxl sprinkles_marginBottom_none_mobile__onxwjuyp sprinkles_marginLeft_none_mobile__onxwjuzt sprinkles_marginRight_none_mobile__onxwju111 sprinkles_marginTop_none_mobile__onxwju129 sprinkles_height_full_mobile__onxwjufl sprinkles_position_absolute_mobile__onxwju8l sprinkles_width_full_mobile__onxwjuh5 elementReset_resetVariants__18vhvlid elementReset_resetVariants_as_button__18vhvli12 elementReset_trimmedElement__18vhvli0 elementReset_button__18vhvli5 CheckableBase_nativeInput__y94qv2"
        id="_r_t_"
        name="radio"
        type="radio"
        value="1"
      />
      <div
        class="elementReset_resetVariants__18vhvlid elementReset_resetVariants_as_div__18vhvlie elementReset_block__18vhvli4 sprinkles_display_flex_mobile__onxwju6l sprinkles_position_relative_mobile__onxwju8h sprinkles_alignItems_center_mobile__onxwjumt sprinkles_justifyContent_center_mobile__onxwjuoh CheckableBase_checkable__y94qv3 elementReset_resetVariants__18vhvlid elementReset_resetVariants_as_button__18vhvli12 elementReset_trimmedElement__18vhvli0 elementReset_button__18vhvli5"
      >
        <div
          class="elementReset_resetVariants__18vhvlid elementReset_resetVariants_as_div__18vhvlie elementReset_block__18vhvli4 CheckableBase_checkableIndicator__y94qv4 Radio_radio__1eqx41h1 Radio_circleBase__1eqx41h0"
        />
        <div
          class="elementReset_resetVariants__18vhvlid elementReset_resetVariants_as_div__18vhvlie elementReset_block__18vhvli4 Radio_inner__1eqx41h3 Radio_circleBase__1eqx41h0"
        />
      </div>
      <label
        class="elementReset_resetVariants__18vhvlid elementReset_resetVariants_as_label__18vhvlin  sprinkles_width_full_mobile__onxwjuh5 elementReset_resetVariants__18vhvlid elementReset_resetVariants_as_button__18vhvli12 elementReset_trimmedElement__18vhvli0 elementReset_button__18vhvli5 elementReset_resetVariants__18vhvlid elementReset_resetVariants_as_span__18vhvlim  typography_common__yhjp33f sprinkles_fontSize_4_mobile__onxwjua9 sprinkles_lineHeight_4_mobile__onxwju99 sprinkles_fontWeight_normal__onxwju5k typography_color_neutral__yhjp338"
        for="_r_t_"
      >
        <h1
          class="elementReset_resetVariants__18vhvlid elementReset_resetVariants_as_h1__18vhvlig elementReset_trimmedElement__18vhvli0 elementReset_heading__18vhvli6 typography_common__yhjp33f sprinkles_fontSize_8_mobile__onxwjuap sprinkles_lineHeight_8_mobile__onxwju9p sprinkles_fontWeight_bold__onxwju5m typography_color_dark__yhjp335"
        >
          Hello checkbox
        </h1>
      </label>
    </div>
  </div>
</div>
`;

exports[`<RadioButton /> > when with component child > should render the component child 1`] = `
<h1
  class="elementReset_resetVariants__18vhvlid elementReset_resetVariants_as_h1__18vhvlig elementReset_trimmedElement__18vhvli0 elementReset_heading__18vhvli6 typography_common__yhjp33f sprinkles_fontSize_8_mobile__onxwjuap sprinkles_lineHeight_8_mobile__onxwju9p sprinkles_fontWeight_bold__onxwju5m typography_color_dark__yhjp335"
>
  Hello checkbox
</h1>
`;
