// Jest Snapshot v1, https://goo.gl/fbAQLP

exports[`<RadioButton /> when nested in a RadioGroup should match the snapshot for a checked radio 1`] = `
<div
  class="reset_block__6swfds3 useBoxStyles_makeResponsiveStyle_key_bp__7o6k0610 useBoxStyles_makeResponsiveStyle_key_bp__7o6k0624 useBoxStyles_makeResponsiveStyle_key_bp__7o6k0638 useBoxStyles_makeResponsiveStyle_key_bp__7o6k064c useBoxStyles_display_flex__7o6k06fq useBoxStyles_width_full__7o6k06fb useBoxStyles_position_relative__7o6k06fg useBoxStyles_makeResponsiveStyle_key_bp__7o6k06gv"
>
  <div
    class="reset_block__6swfds3 useBoxStyles_makeResponsiveStyle_key_bp__7o6k068 useBoxStyles_makeResponsiveStyle_key_bp__7o6k061c useBoxStyles_makeResponsiveStyle_key_bp__7o6k062g useBoxStyles_makeResponsiveStyle_key_bp__7o6k064c useBoxStyles_display_flex__7o6k06fq useBoxStyles_position_relative__7o6k06fg useBoxStyles_makeResponsiveStyle_key_bp__7o6k06gf useBoxStyles_makeResponsiveStyle_key_bp__7o6k06gn useBoxStyles_makeResponsiveStyle_key_bp__7o6k06h8 CheckableBase_root__v1tznp0 reset_appearance__6swfds0 reset_cursorPointer__6swfds1 reset_trimmedBlockElement__6swfds5 reset_button__6swfds6"
  >
    <input
      class="reset_trimmedBlockElement__6swfds5 reset_appearance__6swfds0 reset_input__6swfds8 useBoxStyles_makeResponsiveStyle_key_bp__7o6k0610 useBoxStyles_makeResponsiveStyle_key_bp__7o6k0624 useBoxStyles_makeResponsiveStyle_key_bp__7o6k0638 useBoxStyles_makeResponsiveStyle_key_bp__7o6k064c useBoxStyles_makeResponsiveStyle_key_bp__7o6k065g useBoxStyles_makeResponsiveStyle_key_bp__7o6k066k useBoxStyles_makeResponsiveStyle_key_bp__7o6k067o useBoxStyles_makeResponsiveStyle_key_bp__7o6k068s useBoxStyles_width_full__7o6k06fb useBoxStyles_height_full__7o6k06fd useBoxStyles_position_absolute__7o6k06fe reset_appearance__6swfds0 reset_cursorPointer__6swfds1 reset_trimmedBlockElement__6swfds5 reset_button__6swfds6 CheckableBase_nativeInput_default__v1tznp2"
      name="radio"
      type="radio"
      value="1"
    />
    <div
      class="reset_block__6swfds3 useBoxStyles_display_flex__7o6k06fq useBoxStyles_position_relative__7o6k06fg useBoxStyles_makeResponsiveStyle_key_bp__7o6k06gf useBoxStyles_makeResponsiveStyle_key_bp__7o6k06hc CheckableBase_checkable__v1tznp4 reset_appearance__6swfds0 reset_cursorPointer__6swfds1 reset_trimmedBlockElement__6swfds5 reset_button__6swfds6"
    >
      <div
        class="reset_block__6swfds3 useBoxStyles_position_absolute__7o6k06fe useBoxStyles_border_style__7o6k069k useBoxStyles_border_colour_top_gray__7o6k069m useBoxStyles_border_colour_right_gray__7o6k069y useBoxStyles_border_colour_bottom_gray__7o6k06aa useBoxStyles_border_colour_left_gray__7o6k06am useBoxStyles_makeResponsiveStyle_key_bp__7o6k06b1 useBoxStyles_makeResponsiveStyle_key_bp__7o6k06bh useBoxStyles_makeResponsiveStyle_key_bp__7o6k06bx useBoxStyles_makeResponsiveStyle_key_bp__7o6k06cd useBoxStyles_makeResponsiveStyle_key_bp__7o6k06cx CheckableBase_checkableItem__v1tznp5 Radio_circle_default__lhd8u00 Radio_circle_outer__lhd8u01"
      />
      <div
        class="reset_block__6swfds3 useBoxStyles_position_absolute__7o6k06fe useBoxStyles_border_style__7o6k069k useBoxStyles_border_colour_top_gray__7o6k069m useBoxStyles_border_colour_right_gray__7o6k069y useBoxStyles_border_colour_bottom_gray__7o6k06aa useBoxStyles_border_colour_left_gray__7o6k06am useBoxStyles_makeResponsiveStyle_key_bp__7o6k06b9 useBoxStyles_makeResponsiveStyle_key_bp__7o6k06bp useBoxStyles_makeResponsiveStyle_key_bp__7o6k06c5 useBoxStyles_makeResponsiveStyle_key_bp__7o6k06cl useBoxStyles_makeResponsiveStyle_key_bp__7o6k06cx Radio_circle_default__lhd8u00 Radio_circle_inner__lhd8u02"
      />
    </div>
    <label
      class="reset_inlineText__6swfds2 useBoxStyles_width_full__7o6k06fb reset_appearance__6swfds0 reset_cursorPointer__6swfds1 reset_trimmedBlockElement__6swfds5 reset_button__6swfds6 useTextStyles_root__w6to7i0 reset_block__6swfds3 useTextStyles_colours_neutral__w6to7ii useTextStyles_sizes_4__w6to7i4"
    >
      <span
        class="reset_inlineText__6swfds2 useBoxStyles_textAlign_left__7o6k06fh useTextStyles_root__w6to7i0 reset_inlineText__6swfds2 useTextStyles_colours_neutral__w6to7ii useTextStyles_fontWeight_normal__w6to7io useTextStyles_sizes_4__w6to7i4"
      >
        radio label 1
      </span>
    </label>
  </div>
  <div
    class="reset_block__6swfds3 useBoxStyles_makeResponsiveStyle_key_bp__7o6k068 useBoxStyles_makeResponsiveStyle_key_bp__7o6k061c useBoxStyles_makeResponsiveStyle_key_bp__7o6k062g useBoxStyles_makeResponsiveStyle_key_bp__7o6k064c useBoxStyles_display_flex__7o6k06fq useBoxStyles_position_relative__7o6k06fg useBoxStyles_makeResponsiveStyle_key_bp__7o6k06gf useBoxStyles_makeResponsiveStyle_key_bp__7o6k06gn useBoxStyles_makeResponsiveStyle_key_bp__7o6k06h8 CheckableBase_root__v1tznp0 reset_appearance__6swfds0 reset_cursorPointer__6swfds1 reset_trimmedBlockElement__6swfds5 reset_button__6swfds6"
  >
    <input
      class="reset_trimmedBlockElement__6swfds5 reset_appearance__6swfds0 reset_input__6swfds8 useBoxStyles_makeResponsiveStyle_key_bp__7o6k0610 useBoxStyles_makeResponsiveStyle_key_bp__7o6k0624 useBoxStyles_makeResponsiveStyle_key_bp__7o6k0638 useBoxStyles_makeResponsiveStyle_key_bp__7o6k064c useBoxStyles_makeResponsiveStyle_key_bp__7o6k065g useBoxStyles_makeResponsiveStyle_key_bp__7o6k066k useBoxStyles_makeResponsiveStyle_key_bp__7o6k067o useBoxStyles_makeResponsiveStyle_key_bp__7o6k068s useBoxStyles_width_full__7o6k06fb useBoxStyles_height_full__7o6k06fd useBoxStyles_position_absolute__7o6k06fe reset_appearance__6swfds0 reset_cursorPointer__6swfds1 reset_trimmedBlockElement__6swfds5 reset_button__6swfds6 CheckableBase_nativeInput_default__v1tznp2"
      name="radio"
      type="radio"
      value="2"
    />
    <div
      class="reset_block__6swfds3 useBoxStyles_display_flex__7o6k06fq useBoxStyles_position_relative__7o6k06fg useBoxStyles_makeResponsiveStyle_key_bp__7o6k06gf useBoxStyles_makeResponsiveStyle_key_bp__7o6k06hc CheckableBase_checkable__v1tznp4 reset_appearance__6swfds0 reset_cursorPointer__6swfds1 reset_trimmedBlockElement__6swfds5 reset_button__6swfds6"
    >
      <div
        class="reset_block__6swfds3 useBoxStyles_position_absolute__7o6k06fe useBoxStyles_border_style__7o6k069k useBoxStyles_border_colour_top_gray__7o6k069m useBoxStyles_border_colour_right_gray__7o6k069y useBoxStyles_border_colour_bottom_gray__7o6k06aa useBoxStyles_border_colour_left_gray__7o6k06am useBoxStyles_makeResponsiveStyle_key_bp__7o6k06b1 useBoxStyles_makeResponsiveStyle_key_bp__7o6k06bh useBoxStyles_makeResponsiveStyle_key_bp__7o6k06bx useBoxStyles_makeResponsiveStyle_key_bp__7o6k06cd useBoxStyles_makeResponsiveStyle_key_bp__7o6k06cx CheckableBase_checkableItem__v1tznp5 Radio_circle_default__lhd8u00 Radio_circle_outer__lhd8u01"
      />
      <div
        class="reset_block__6swfds3 useBoxStyles_position_absolute__7o6k06fe useBoxStyles_border_style__7o6k069k useBoxStyles_border_colour_top_gray__7o6k069m useBoxStyles_border_colour_right_gray__7o6k069y useBoxStyles_border_colour_bottom_gray__7o6k06aa useBoxStyles_border_colour_left_gray__7o6k06am useBoxStyles_makeResponsiveStyle_key_bp__7o6k06b9 useBoxStyles_makeResponsiveStyle_key_bp__7o6k06bp useBoxStyles_makeResponsiveStyle_key_bp__7o6k06c5 useBoxStyles_makeResponsiveStyle_key_bp__7o6k06cl useBoxStyles_makeResponsiveStyle_key_bp__7o6k06cx Radio_circle_default__lhd8u00 Radio_circle_inner__lhd8u02"
      />
    </div>
    <label
      class="reset_inlineText__6swfds2 useBoxStyles_width_full__7o6k06fb reset_appearance__6swfds0 reset_cursorPointer__6swfds1 reset_trimmedBlockElement__6swfds5 reset_button__6swfds6 useTextStyles_root__w6to7i0 reset_block__6swfds3 useTextStyles_colours_neutral__w6to7ii useTextStyles_sizes_4__w6to7i4"
    >
      <span
        class="reset_inlineText__6swfds2 useBoxStyles_textAlign_left__7o6k06fh useTextStyles_root__w6to7i0 reset_inlineText__6swfds2 useTextStyles_colours_neutral__w6to7ii useTextStyles_fontWeight_normal__w6to7io useTextStyles_sizes_4__w6to7i4"
      >
        radio label 2
      </span>
    </label>
  </div>
</div>
`;

exports[`<RadioButton /> when nested in a RadioGroup should match the snapshot for a group of radios 1`] = `
<div
  class="reset_block__6swfds3 useBoxStyles_makeResponsiveStyle_key_bp__7o6k0610 useBoxStyles_makeResponsiveStyle_key_bp__7o6k0624 useBoxStyles_makeResponsiveStyle_key_bp__7o6k0638 useBoxStyles_makeResponsiveStyle_key_bp__7o6k064c useBoxStyles_display_flex__7o6k06fq useBoxStyles_width_full__7o6k06fb useBoxStyles_position_relative__7o6k06fg useBoxStyles_makeResponsiveStyle_key_bp__7o6k06gv"
>
  <div
    class="reset_block__6swfds3 useBoxStyles_makeResponsiveStyle_key_bp__7o6k068 useBoxStyles_makeResponsiveStyle_key_bp__7o6k061c useBoxStyles_makeResponsiveStyle_key_bp__7o6k062g useBoxStyles_makeResponsiveStyle_key_bp__7o6k064c useBoxStyles_display_flex__7o6k06fq useBoxStyles_position_relative__7o6k06fg useBoxStyles_makeResponsiveStyle_key_bp__7o6k06gf useBoxStyles_makeResponsiveStyle_key_bp__7o6k06gn useBoxStyles_makeResponsiveStyle_key_bp__7o6k06h8 CheckableBase_root__v1tznp0 reset_appearance__6swfds0 reset_cursorPointer__6swfds1 reset_trimmedBlockElement__6swfds5 reset_button__6swfds6"
  >
    <input
      checked=""
      class="reset_trimmedBlockElement__6swfds5 reset_appearance__6swfds0 reset_input__6swfds8 useBoxStyles_makeResponsiveStyle_key_bp__7o6k0610 useBoxStyles_makeResponsiveStyle_key_bp__7o6k0624 useBoxStyles_makeResponsiveStyle_key_bp__7o6k0638 useBoxStyles_makeResponsiveStyle_key_bp__7o6k064c useBoxStyles_makeResponsiveStyle_key_bp__7o6k065g useBoxStyles_makeResponsiveStyle_key_bp__7o6k066k useBoxStyles_makeResponsiveStyle_key_bp__7o6k067o useBoxStyles_makeResponsiveStyle_key_bp__7o6k068s useBoxStyles_width_full__7o6k06fb useBoxStyles_height_full__7o6k06fd useBoxStyles_position_absolute__7o6k06fe reset_appearance__6swfds0 reset_cursorPointer__6swfds1 reset_trimmedBlockElement__6swfds5 reset_button__6swfds6 CheckableBase_nativeInput_default__v1tznp2 CheckableBase_nativeInput_checked__v1tznp3"
      name="radio"
      type="radio"
      value="1"
    />
    <div
      class="reset_block__6swfds3 useBoxStyles_display_flex__7o6k06fq useBoxStyles_position_relative__7o6k06fg useBoxStyles_makeResponsiveStyle_key_bp__7o6k06gf useBoxStyles_makeResponsiveStyle_key_bp__7o6k06hc CheckableBase_checkable__v1tznp4 reset_appearance__6swfds0 reset_cursorPointer__6swfds1 reset_trimmedBlockElement__6swfds5 reset_button__6swfds6"
    >
      <div
        class="reset_block__6swfds3 useBoxStyles_position_absolute__7o6k06fe useBoxStyles_border_style__7o6k069k useBoxStyles_border_colour_top_gray__7o6k069m useBoxStyles_border_colour_right_gray__7o6k069y useBoxStyles_border_colour_bottom_gray__7o6k06aa useBoxStyles_border_colour_left_gray__7o6k06am useBoxStyles_makeResponsiveStyle_key_bp__7o6k06b1 useBoxStyles_makeResponsiveStyle_key_bp__7o6k06bh useBoxStyles_makeResponsiveStyle_key_bp__7o6k06bx useBoxStyles_makeResponsiveStyle_key_bp__7o6k06cd useBoxStyles_makeResponsiveStyle_key_bp__7o6k06cx CheckableBase_checkableItem__v1tznp5 Radio_circle_default__lhd8u00 Radio_circle_outer__lhd8u01 Radio_circle_selected__lhd8u04"
      />
      <div
        class="reset_block__6swfds3 useBoxStyles_position_absolute__7o6k06fe useBoxStyles_border_style__7o6k069k useBoxStyles_border_colour_top_gray__7o6k069m useBoxStyles_border_colour_right_gray__7o6k069y useBoxStyles_border_colour_bottom_gray__7o6k06aa useBoxStyles_border_colour_left_gray__7o6k06am useBoxStyles_makeResponsiveStyle_key_bp__7o6k06b9 useBoxStyles_makeResponsiveStyle_key_bp__7o6k06bp useBoxStyles_makeResponsiveStyle_key_bp__7o6k06c5 useBoxStyles_makeResponsiveStyle_key_bp__7o6k06cl useBoxStyles_makeResponsiveStyle_key_bp__7o6k06cx Radio_circle_default__lhd8u00 Radio_circle_inner__lhd8u02 Radio_circle_selected__lhd8u04 Radio_circle_selectedInner__lhd8u03"
      />
    </div>
    <label
      class="reset_inlineText__6swfds2 useBoxStyles_width_full__7o6k06fb reset_appearance__6swfds0 reset_cursorPointer__6swfds1 reset_trimmedBlockElement__6swfds5 reset_button__6swfds6 useTextStyles_root__w6to7i0 reset_block__6swfds3 useTextStyles_colours_neutral__w6to7ii useTextStyles_sizes_4__w6to7i4"
    >
      <span
        class="reset_inlineText__6swfds2 useBoxStyles_textAlign_left__7o6k06fh useTextStyles_root__w6to7i0 reset_inlineText__6swfds2 useTextStyles_colours_neutral__w6to7ii useTextStyles_fontWeight_normal__w6to7io useTextStyles_sizes_4__w6to7i4"
      >
        radio label 1
      </span>
    </label>
  </div>
  <div
    class="reset_block__6swfds3 useBoxStyles_makeResponsiveStyle_key_bp__7o6k068 useBoxStyles_makeResponsiveStyle_key_bp__7o6k061c useBoxStyles_makeResponsiveStyle_key_bp__7o6k062g useBoxStyles_makeResponsiveStyle_key_bp__7o6k064c useBoxStyles_display_flex__7o6k06fq useBoxStyles_position_relative__7o6k06fg useBoxStyles_makeResponsiveStyle_key_bp__7o6k06gf useBoxStyles_makeResponsiveStyle_key_bp__7o6k06gn useBoxStyles_makeResponsiveStyle_key_bp__7o6k06h8 CheckableBase_root__v1tznp0 reset_appearance__6swfds0 reset_cursorPointer__6swfds1 reset_trimmedBlockElement__6swfds5 reset_button__6swfds6"
  >
    <input
      class="reset_trimmedBlockElement__6swfds5 reset_appearance__6swfds0 reset_input__6swfds8 useBoxStyles_makeResponsiveStyle_key_bp__7o6k0610 useBoxStyles_makeResponsiveStyle_key_bp__7o6k0624 useBoxStyles_makeResponsiveStyle_key_bp__7o6k0638 useBoxStyles_makeResponsiveStyle_key_bp__7o6k064c useBoxStyles_makeResponsiveStyle_key_bp__7o6k065g useBoxStyles_makeResponsiveStyle_key_bp__7o6k066k useBoxStyles_makeResponsiveStyle_key_bp__7o6k067o useBoxStyles_makeResponsiveStyle_key_bp__7o6k068s useBoxStyles_width_full__7o6k06fb useBoxStyles_height_full__7o6k06fd useBoxStyles_position_absolute__7o6k06fe reset_appearance__6swfds0 reset_cursorPointer__6swfds1 reset_trimmedBlockElement__6swfds5 reset_button__6swfds6 CheckableBase_nativeInput_default__v1tznp2"
      name="radio"
      type="radio"
      value="2"
    />
    <div
      class="reset_block__6swfds3 useBoxStyles_display_flex__7o6k06fq useBoxStyles_position_relative__7o6k06fg useBoxStyles_makeResponsiveStyle_key_bp__7o6k06gf useBoxStyles_makeResponsiveStyle_key_bp__7o6k06hc CheckableBase_checkable__v1tznp4 reset_appearance__6swfds0 reset_cursorPointer__6swfds1 reset_trimmedBlockElement__6swfds5 reset_button__6swfds6"
    >
      <div
        class="reset_block__6swfds3 useBoxStyles_position_absolute__7o6k06fe useBoxStyles_border_style__7o6k069k useBoxStyles_border_colour_top_gray__7o6k069m useBoxStyles_border_colour_right_gray__7o6k069y useBoxStyles_border_colour_bottom_gray__7o6k06aa useBoxStyles_border_colour_left_gray__7o6k06am useBoxStyles_makeResponsiveStyle_key_bp__7o6k06b1 useBoxStyles_makeResponsiveStyle_key_bp__7o6k06bh useBoxStyles_makeResponsiveStyle_key_bp__7o6k06bx useBoxStyles_makeResponsiveStyle_key_bp__7o6k06cd useBoxStyles_makeResponsiveStyle_key_bp__7o6k06cx CheckableBase_checkableItem__v1tznp5 Radio_circle_default__lhd8u00 Radio_circle_outer__lhd8u01"
      />
      <div
        class="reset_block__6swfds3 useBoxStyles_position_absolute__7o6k06fe useBoxStyles_border_style__7o6k069k useBoxStyles_border_colour_top_gray__7o6k069m useBoxStyles_border_colour_right_gray__7o6k069y useBoxStyles_border_colour_bottom_gray__7o6k06aa useBoxStyles_border_colour_left_gray__7o6k06am useBoxStyles_makeResponsiveStyle_key_bp__7o6k06b9 useBoxStyles_makeResponsiveStyle_key_bp__7o6k06bp useBoxStyles_makeResponsiveStyle_key_bp__7o6k06c5 useBoxStyles_makeResponsiveStyle_key_bp__7o6k06cl useBoxStyles_makeResponsiveStyle_key_bp__7o6k06cx Radio_circle_default__lhd8u00 Radio_circle_inner__lhd8u02"
      />
    </div>
    <label
      class="reset_inlineText__6swfds2 useBoxStyles_width_full__7o6k06fb reset_appearance__6swfds0 reset_cursorPointer__6swfds1 reset_trimmedBlockElement__6swfds5 reset_button__6swfds6 useTextStyles_root__w6to7i0 reset_block__6swfds3 useTextStyles_colours_neutral__w6to7ii useTextStyles_sizes_4__w6to7i4"
    >
      <span
        class="reset_inlineText__6swfds2 useBoxStyles_textAlign_left__7o6k06fh useTextStyles_root__w6to7i0 reset_inlineText__6swfds2 useTextStyles_colours_neutral__w6to7ii useTextStyles_fontWeight_normal__w6to7io useTextStyles_sizes_4__w6to7i4"
      >
        radio label 2
      </span>
    </label>
  </div>
  <div
    class="reset_block__6swfds3 useBoxStyles_makeResponsiveStyle_key_bp__7o6k068 useBoxStyles_makeResponsiveStyle_key_bp__7o6k061c useBoxStyles_makeResponsiveStyle_key_bp__7o6k062g useBoxStyles_makeResponsiveStyle_key_bp__7o6k064c useBoxStyles_display_flex__7o6k06fq useBoxStyles_position_relative__7o6k06fg useBoxStyles_makeResponsiveStyle_key_bp__7o6k06gf useBoxStyles_makeResponsiveStyle_key_bp__7o6k06gn useBoxStyles_makeResponsiveStyle_key_bp__7o6k06h8 CheckableBase_root__v1tznp0 reset_appearance__6swfds0 reset_cursorPointer__6swfds1 reset_trimmedBlockElement__6swfds5 reset_button__6swfds6"
  >
    <input
      class="reset_trimmedBlockElement__6swfds5 reset_appearance__6swfds0 reset_input__6swfds8 useBoxStyles_makeResponsiveStyle_key_bp__7o6k0610 useBoxStyles_makeResponsiveStyle_key_bp__7o6k0624 useBoxStyles_makeResponsiveStyle_key_bp__7o6k0638 useBoxStyles_makeResponsiveStyle_key_bp__7o6k064c useBoxStyles_makeResponsiveStyle_key_bp__7o6k065g useBoxStyles_makeResponsiveStyle_key_bp__7o6k066k useBoxStyles_makeResponsiveStyle_key_bp__7o6k067o useBoxStyles_makeResponsiveStyle_key_bp__7o6k068s useBoxStyles_width_full__7o6k06fb useBoxStyles_height_full__7o6k06fd useBoxStyles_position_absolute__7o6k06fe reset_appearance__6swfds0 reset_cursorPointer__6swfds1 reset_trimmedBlockElement__6swfds5 reset_button__6swfds6 CheckableBase_nativeInput_default__v1tznp2"
      name="radio"
      type="radio"
      value="3"
    />
    <div
      class="reset_block__6swfds3 useBoxStyles_display_flex__7o6k06fq useBoxStyles_position_relative__7o6k06fg useBoxStyles_makeResponsiveStyle_key_bp__7o6k06gf useBoxStyles_makeResponsiveStyle_key_bp__7o6k06hc CheckableBase_checkable__v1tznp4 reset_appearance__6swfds0 reset_cursorPointer__6swfds1 reset_trimmedBlockElement__6swfds5 reset_button__6swfds6"
    >
      <div
        class="reset_block__6swfds3 useBoxStyles_position_absolute__7o6k06fe useBoxStyles_border_style__7o6k069k useBoxStyles_border_colour_top_gray__7o6k069m useBoxStyles_border_colour_right_gray__7o6k069y useBoxStyles_border_colour_bottom_gray__7o6k06aa useBoxStyles_border_colour_left_gray__7o6k06am useBoxStyles_makeResponsiveStyle_key_bp__7o6k06b1 useBoxStyles_makeResponsiveStyle_key_bp__7o6k06bh useBoxStyles_makeResponsiveStyle_key_bp__7o6k06bx useBoxStyles_makeResponsiveStyle_key_bp__7o6k06cd useBoxStyles_makeResponsiveStyle_key_bp__7o6k06cx CheckableBase_checkableItem__v1tznp5 Radio_circle_default__lhd8u00 Radio_circle_outer__lhd8u01"
      />
      <div
        class="reset_block__6swfds3 useBoxStyles_position_absolute__7o6k06fe useBoxStyles_border_style__7o6k069k useBoxStyles_border_colour_top_gray__7o6k069m useBoxStyles_border_colour_right_gray__7o6k069y useBoxStyles_border_colour_bottom_gray__7o6k06aa useBoxStyles_border_colour_left_gray__7o6k06am useBoxStyles_makeResponsiveStyle_key_bp__7o6k06b9 useBoxStyles_makeResponsiveStyle_key_bp__7o6k06bp useBoxStyles_makeResponsiveStyle_key_bp__7o6k06c5 useBoxStyles_makeResponsiveStyle_key_bp__7o6k06cl useBoxStyles_makeResponsiveStyle_key_bp__7o6k06cx Radio_circle_default__lhd8u00 Radio_circle_inner__lhd8u02"
      />
    </div>
    <label
      class="reset_inlineText__6swfds2 useBoxStyles_width_full__7o6k06fb reset_appearance__6swfds0 reset_cursorPointer__6swfds1 reset_trimmedBlockElement__6swfds5 reset_button__6swfds6 useTextStyles_root__w6to7i0 reset_block__6swfds3 useTextStyles_colours_neutral__w6to7ii useTextStyles_sizes_4__w6to7i4"
    >
      <span
        class="reset_inlineText__6swfds2 useBoxStyles_textAlign_left__7o6k06fh useTextStyles_root__w6to7i0 reset_inlineText__6swfds2 useTextStyles_colours_neutral__w6to7ii useTextStyles_fontWeight_normal__w6to7io useTextStyles_sizes_4__w6to7i4"
      >
        radio label 3
      </span>
    </label>
  </div>
  <div
    class="reset_block__6swfds3 useBoxStyles_makeResponsiveStyle_key_bp__7o6k068 useBoxStyles_makeResponsiveStyle_key_bp__7o6k061c useBoxStyles_makeResponsiveStyle_key_bp__7o6k062g useBoxStyles_makeResponsiveStyle_key_bp__7o6k064c useBoxStyles_display_flex__7o6k06fq useBoxStyles_position_relative__7o6k06fg useBoxStyles_makeResponsiveStyle_key_bp__7o6k06gf useBoxStyles_makeResponsiveStyle_key_bp__7o6k06gn useBoxStyles_makeResponsiveStyle_key_bp__7o6k06h8 CheckableBase_root__v1tznp0 reset_appearance__6swfds0 reset_cursorPointer__6swfds1 reset_trimmedBlockElement__6swfds5 reset_button__6swfds6"
  >
    <input
      class="reset_trimmedBlockElement__6swfds5 reset_appearance__6swfds0 reset_input__6swfds8 useBoxStyles_makeResponsiveStyle_key_bp__7o6k0610 useBoxStyles_makeResponsiveStyle_key_bp__7o6k0624 useBoxStyles_makeResponsiveStyle_key_bp__7o6k0638 useBoxStyles_makeResponsiveStyle_key_bp__7o6k064c useBoxStyles_makeResponsiveStyle_key_bp__7o6k065g useBoxStyles_makeResponsiveStyle_key_bp__7o6k066k useBoxStyles_makeResponsiveStyle_key_bp__7o6k067o useBoxStyles_makeResponsiveStyle_key_bp__7o6k068s useBoxStyles_width_full__7o6k06fb useBoxStyles_height_full__7o6k06fd useBoxStyles_position_absolute__7o6k06fe reset_appearance__6swfds0 reset_cursorPointer__6swfds1 reset_trimmedBlockElement__6swfds5 reset_button__6swfds6 CheckableBase_nativeInput_default__v1tznp2"
      name="radio"
      type="radio"
      value="4"
    />
    <div
      class="reset_block__6swfds3 useBoxStyles_display_flex__7o6k06fq useBoxStyles_position_relative__7o6k06fg useBoxStyles_makeResponsiveStyle_key_bp__7o6k06gf useBoxStyles_makeResponsiveStyle_key_bp__7o6k06hc CheckableBase_checkable__v1tznp4 reset_appearance__6swfds0 reset_cursorPointer__6swfds1 reset_trimmedBlockElement__6swfds5 reset_button__6swfds6"
    >
      <div
        class="reset_block__6swfds3 useBoxStyles_position_absolute__7o6k06fe useBoxStyles_border_style__7o6k069k useBoxStyles_border_colour_top_gray__7o6k069m useBoxStyles_border_colour_right_gray__7o6k069y useBoxStyles_border_colour_bottom_gray__7o6k06aa useBoxStyles_border_colour_left_gray__7o6k06am useBoxStyles_makeResponsiveStyle_key_bp__7o6k06b1 useBoxStyles_makeResponsiveStyle_key_bp__7o6k06bh useBoxStyles_makeResponsiveStyle_key_bp__7o6k06bx useBoxStyles_makeResponsiveStyle_key_bp__7o6k06cd useBoxStyles_makeResponsiveStyle_key_bp__7o6k06cx CheckableBase_checkableItem__v1tznp5 Radio_circle_default__lhd8u00 Radio_circle_outer__lhd8u01"
      />
      <div
        class="reset_block__6swfds3 useBoxStyles_position_absolute__7o6k06fe useBoxStyles_border_style__7o6k069k useBoxStyles_border_colour_top_gray__7o6k069m useBoxStyles_border_colour_right_gray__7o6k069y useBoxStyles_border_colour_bottom_gray__7o6k06aa useBoxStyles_border_colour_left_gray__7o6k06am useBoxStyles_makeResponsiveStyle_key_bp__7o6k06b9 useBoxStyles_makeResponsiveStyle_key_bp__7o6k06bp useBoxStyles_makeResponsiveStyle_key_bp__7o6k06c5 useBoxStyles_makeResponsiveStyle_key_bp__7o6k06cl useBoxStyles_makeResponsiveStyle_key_bp__7o6k06cx Radio_circle_default__lhd8u00 Radio_circle_inner__lhd8u02"
      />
    </div>
    <label
      class="reset_inlineText__6swfds2 useBoxStyles_width_full__7o6k06fb reset_appearance__6swfds0 reset_cursorPointer__6swfds1 reset_trimmedBlockElement__6swfds5 reset_button__6swfds6 useTextStyles_root__w6to7i0 reset_block__6swfds3 useTextStyles_colours_neutral__w6to7ii useTextStyles_sizes_4__w6to7i4"
    >
      <span
        class="reset_inlineText__6swfds2 useBoxStyles_textAlign_left__7o6k06fh useTextStyles_root__w6to7i0 reset_inlineText__6swfds2 useTextStyles_colours_neutral__w6to7ii useTextStyles_fontWeight_normal__w6to7io useTextStyles_sizes_4__w6to7i4"
      >
        radio label 4
      </span>
    </label>
  </div>
</div>
`;

exports[`<RadioButton /> when nested in a RadioGroup should match the snapshot for a single radio 1`] = `
<div
  class="reset_block__6swfds3 useBoxStyles_makeResponsiveStyle_key_bp__7o6k0610 useBoxStyles_makeResponsiveStyle_key_bp__7o6k0624 useBoxStyles_makeResponsiveStyle_key_bp__7o6k0638 useBoxStyles_makeResponsiveStyle_key_bp__7o6k064c useBoxStyles_display_flex__7o6k06fq useBoxStyles_width_full__7o6k06fb useBoxStyles_position_relative__7o6k06fg useBoxStyles_makeResponsiveStyle_key_bp__7o6k06gv"
>
  <div
    class="reset_block__6swfds3 useBoxStyles_makeResponsiveStyle_key_bp__7o6k068 useBoxStyles_makeResponsiveStyle_key_bp__7o6k061c useBoxStyles_makeResponsiveStyle_key_bp__7o6k062g useBoxStyles_makeResponsiveStyle_key_bp__7o6k064c useBoxStyles_display_flex__7o6k06fq useBoxStyles_position_relative__7o6k06fg useBoxStyles_makeResponsiveStyle_key_bp__7o6k06gf useBoxStyles_makeResponsiveStyle_key_bp__7o6k06gn useBoxStyles_makeResponsiveStyle_key_bp__7o6k06h8 CheckableBase_root__v1tznp0 reset_appearance__6swfds0 reset_cursorPointer__6swfds1 reset_trimmedBlockElement__6swfds5 reset_button__6swfds6"
  >
    <input
      class="reset_trimmedBlockElement__6swfds5 reset_appearance__6swfds0 reset_input__6swfds8 useBoxStyles_makeResponsiveStyle_key_bp__7o6k0610 useBoxStyles_makeResponsiveStyle_key_bp__7o6k0624 useBoxStyles_makeResponsiveStyle_key_bp__7o6k0638 useBoxStyles_makeResponsiveStyle_key_bp__7o6k064c useBoxStyles_makeResponsiveStyle_key_bp__7o6k065g useBoxStyles_makeResponsiveStyle_key_bp__7o6k066k useBoxStyles_makeResponsiveStyle_key_bp__7o6k067o useBoxStyles_makeResponsiveStyle_key_bp__7o6k068s useBoxStyles_width_full__7o6k06fb useBoxStyles_height_full__7o6k06fd useBoxStyles_position_absolute__7o6k06fe reset_appearance__6swfds0 reset_cursorPointer__6swfds1 reset_trimmedBlockElement__6swfds5 reset_button__6swfds6 CheckableBase_nativeInput_default__v1tznp2"
      name="radio"
      type="radio"
      value="1"
    />
    <div
      class="reset_block__6swfds3 useBoxStyles_display_flex__7o6k06fq useBoxStyles_position_relative__7o6k06fg useBoxStyles_makeResponsiveStyle_key_bp__7o6k06gf useBoxStyles_makeResponsiveStyle_key_bp__7o6k06hc CheckableBase_checkable__v1tznp4 reset_appearance__6swfds0 reset_cursorPointer__6swfds1 reset_trimmedBlockElement__6swfds5 reset_button__6swfds6"
    >
      <div
        class="reset_block__6swfds3 useBoxStyles_position_absolute__7o6k06fe useBoxStyles_border_style__7o6k069k useBoxStyles_border_colour_top_gray__7o6k069m useBoxStyles_border_colour_right_gray__7o6k069y useBoxStyles_border_colour_bottom_gray__7o6k06aa useBoxStyles_border_colour_left_gray__7o6k06am useBoxStyles_makeResponsiveStyle_key_bp__7o6k06b1 useBoxStyles_makeResponsiveStyle_key_bp__7o6k06bh useBoxStyles_makeResponsiveStyle_key_bp__7o6k06bx useBoxStyles_makeResponsiveStyle_key_bp__7o6k06cd useBoxStyles_makeResponsiveStyle_key_bp__7o6k06cx CheckableBase_checkableItem__v1tznp5 Radio_circle_default__lhd8u00 Radio_circle_outer__lhd8u01"
      />
      <div
        class="reset_block__6swfds3 useBoxStyles_position_absolute__7o6k06fe useBoxStyles_border_style__7o6k069k useBoxStyles_border_colour_top_gray__7o6k069m useBoxStyles_border_colour_right_gray__7o6k069y useBoxStyles_border_colour_bottom_gray__7o6k06aa useBoxStyles_border_colour_left_gray__7o6k06am useBoxStyles_makeResponsiveStyle_key_bp__7o6k06b9 useBoxStyles_makeResponsiveStyle_key_bp__7o6k06bp useBoxStyles_makeResponsiveStyle_key_bp__7o6k06c5 useBoxStyles_makeResponsiveStyle_key_bp__7o6k06cl useBoxStyles_makeResponsiveStyle_key_bp__7o6k06cx Radio_circle_default__lhd8u00 Radio_circle_inner__lhd8u02"
      />
    </div>
    <label
      class="reset_inlineText__6swfds2 useBoxStyles_width_full__7o6k06fb reset_appearance__6swfds0 reset_cursorPointer__6swfds1 reset_trimmedBlockElement__6swfds5 reset_button__6swfds6 useTextStyles_root__w6to7i0 reset_block__6swfds3 useTextStyles_colours_neutral__w6to7ii useTextStyles_sizes_4__w6to7i4"
    >
      <span
        class="reset_inlineText__6swfds2 useBoxStyles_textAlign_left__7o6k06fh useTextStyles_root__w6to7i0 reset_inlineText__6swfds2 useTextStyles_colours_neutral__w6to7ii useTextStyles_fontWeight_normal__w6to7io useTextStyles_sizes_4__w6to7i4"
      >
        radio label 1
      </span>
    </label>
  </div>
</div>
`;

exports[`<RadioButton /> when nested in a RadioGroup should match the snapshot for a single radio with no value or label 1`] = `
<div
  class="reset_block__6swfds3 useBoxStyles_makeResponsiveStyle_key_bp__7o6k0610 useBoxStyles_makeResponsiveStyle_key_bp__7o6k0624 useBoxStyles_makeResponsiveStyle_key_bp__7o6k0638 useBoxStyles_makeResponsiveStyle_key_bp__7o6k064c useBoxStyles_display_flex__7o6k06fq useBoxStyles_width_full__7o6k06fb useBoxStyles_position_relative__7o6k06fg useBoxStyles_makeResponsiveStyle_key_bp__7o6k06gv"
>
  <div
    class="reset_block__6swfds3 useBoxStyles_makeResponsiveStyle_key_bp__7o6k068 useBoxStyles_makeResponsiveStyle_key_bp__7o6k0624 useBoxStyles_makeResponsiveStyle_key_bp__7o6k062g useBoxStyles_makeResponsiveStyle_key_bp__7o6k064c useBoxStyles_display_flex__7o6k06fq useBoxStyles_position_relative__7o6k06fg useBoxStyles_makeResponsiveStyle_key_bp__7o6k06gf useBoxStyles_makeResponsiveStyle_key_bp__7o6k06gn useBoxStyles_makeResponsiveStyle_key_bp__7o6k06h8 CheckableBase_root__v1tznp0 reset_appearance__6swfds0 reset_cursorPointer__6swfds1 reset_trimmedBlockElement__6swfds5 reset_button__6swfds6"
  >
    <input
      checked=""
      class="reset_trimmedBlockElement__6swfds5 reset_appearance__6swfds0 reset_input__6swfds8 useBoxStyles_makeResponsiveStyle_key_bp__7o6k0610 useBoxStyles_makeResponsiveStyle_key_bp__7o6k0624 useBoxStyles_makeResponsiveStyle_key_bp__7o6k0638 useBoxStyles_makeResponsiveStyle_key_bp__7o6k064c useBoxStyles_makeResponsiveStyle_key_bp__7o6k065g useBoxStyles_makeResponsiveStyle_key_bp__7o6k066k useBoxStyles_makeResponsiveStyle_key_bp__7o6k067o useBoxStyles_makeResponsiveStyle_key_bp__7o6k068s useBoxStyles_width_full__7o6k06fb useBoxStyles_height_full__7o6k06fd useBoxStyles_position_absolute__7o6k06fe reset_appearance__6swfds0 reset_cursorPointer__6swfds1 reset_trimmedBlockElement__6swfds5 reset_button__6swfds6 CheckableBase_nativeInput_default__v1tznp2 CheckableBase_nativeInput_checked__v1tznp3"
      name="radio"
      type="radio"
      value=""
    />
    <div
      class="reset_block__6swfds3 useBoxStyles_display_flex__7o6k06fq useBoxStyles_position_relative__7o6k06fg useBoxStyles_makeResponsiveStyle_key_bp__7o6k06gf useBoxStyles_makeResponsiveStyle_key_bp__7o6k06hc CheckableBase_checkable__v1tznp4 reset_appearance__6swfds0 reset_cursorPointer__6swfds1 reset_trimmedBlockElement__6swfds5 reset_button__6swfds6"
    >
      <div
        class="reset_block__6swfds3 useBoxStyles_position_absolute__7o6k06fe useBoxStyles_border_style__7o6k069k useBoxStyles_border_colour_top_gray__7o6k069m useBoxStyles_border_colour_right_gray__7o6k069y useBoxStyles_border_colour_bottom_gray__7o6k06aa useBoxStyles_border_colour_left_gray__7o6k06am useBoxStyles_makeResponsiveStyle_key_bp__7o6k06b1 useBoxStyles_makeResponsiveStyle_key_bp__7o6k06bh useBoxStyles_makeResponsiveStyle_key_bp__7o6k06bx useBoxStyles_makeResponsiveStyle_key_bp__7o6k06cd useBoxStyles_makeResponsiveStyle_key_bp__7o6k06cx CheckableBase_checkableItem__v1tznp5 Radio_circle_default__lhd8u00 Radio_circle_outer__lhd8u01 Radio_circle_selected__lhd8u04"
      />
      <div
        class="reset_block__6swfds3 useBoxStyles_position_absolute__7o6k06fe useBoxStyles_border_style__7o6k069k useBoxStyles_border_colour_top_gray__7o6k069m useBoxStyles_border_colour_right_gray__7o6k069y useBoxStyles_border_colour_bottom_gray__7o6k06aa useBoxStyles_border_colour_left_gray__7o6k06am useBoxStyles_makeResponsiveStyle_key_bp__7o6k06b9 useBoxStyles_makeResponsiveStyle_key_bp__7o6k06bp useBoxStyles_makeResponsiveStyle_key_bp__7o6k06c5 useBoxStyles_makeResponsiveStyle_key_bp__7o6k06cl useBoxStyles_makeResponsiveStyle_key_bp__7o6k06cx Radio_circle_default__lhd8u00 Radio_circle_inner__lhd8u02 Radio_circle_selected__lhd8u04 Radio_circle_selectedInner__lhd8u03"
      />
    </div>
  </div>
</div>
`;

exports[`<RadioButton /> when with component child should match the snapshot 1`] = `
<div
  class="reset_block__6swfds3 useBoxStyles_makeResponsiveStyle_key_bp__7o6k0610 useBoxStyles_makeResponsiveStyle_key_bp__7o6k0624 useBoxStyles_makeResponsiveStyle_key_bp__7o6k0638 useBoxStyles_makeResponsiveStyle_key_bp__7o6k064c useBoxStyles_display_flex__7o6k06fq useBoxStyles_width_full__7o6k06fb useBoxStyles_position_relative__7o6k06fg useBoxStyles_makeResponsiveStyle_key_bp__7o6k06gv"
>
  <div
    class="reset_block__6swfds3 useBoxStyles_makeResponsiveStyle_key_bp__7o6k068 useBoxStyles_makeResponsiveStyle_key_bp__7o6k061c useBoxStyles_makeResponsiveStyle_key_bp__7o6k062g useBoxStyles_makeResponsiveStyle_key_bp__7o6k064c useBoxStyles_display_flex__7o6k06fq useBoxStyles_position_relative__7o6k06fg useBoxStyles_makeResponsiveStyle_key_bp__7o6k06gf useBoxStyles_makeResponsiveStyle_key_bp__7o6k06gn useBoxStyles_makeResponsiveStyle_key_bp__7o6k06h8 CheckableBase_root__v1tznp0 reset_appearance__6swfds0 reset_cursorPointer__6swfds1 reset_trimmedBlockElement__6swfds5 reset_button__6swfds6"
  >
    <input
      class="reset_trimmedBlockElement__6swfds5 reset_appearance__6swfds0 reset_input__6swfds8 useBoxStyles_makeResponsiveStyle_key_bp__7o6k0610 useBoxStyles_makeResponsiveStyle_key_bp__7o6k0624 useBoxStyles_makeResponsiveStyle_key_bp__7o6k0638 useBoxStyles_makeResponsiveStyle_key_bp__7o6k064c useBoxStyles_makeResponsiveStyle_key_bp__7o6k065g useBoxStyles_makeResponsiveStyle_key_bp__7o6k066k useBoxStyles_makeResponsiveStyle_key_bp__7o6k067o useBoxStyles_makeResponsiveStyle_key_bp__7o6k068s useBoxStyles_width_full__7o6k06fb useBoxStyles_height_full__7o6k06fd useBoxStyles_position_absolute__7o6k06fe reset_appearance__6swfds0 reset_cursorPointer__6swfds1 reset_trimmedBlockElement__6swfds5 reset_button__6swfds6 CheckableBase_nativeInput_default__v1tznp2"
      name="radio"
      type="radio"
      value="1"
    />
    <div
      class="reset_block__6swfds3 useBoxStyles_display_flex__7o6k06fq useBoxStyles_position_relative__7o6k06fg useBoxStyles_makeResponsiveStyle_key_bp__7o6k06gf useBoxStyles_makeResponsiveStyle_key_bp__7o6k06hc CheckableBase_checkable__v1tznp4 reset_appearance__6swfds0 reset_cursorPointer__6swfds1 reset_trimmedBlockElement__6swfds5 reset_button__6swfds6"
    >
      <div
        class="reset_block__6swfds3 useBoxStyles_position_absolute__7o6k06fe useBoxStyles_border_style__7o6k069k useBoxStyles_border_colour_top_gray__7o6k069m useBoxStyles_border_colour_right_gray__7o6k069y useBoxStyles_border_colour_bottom_gray__7o6k06aa useBoxStyles_border_colour_left_gray__7o6k06am useBoxStyles_makeResponsiveStyle_key_bp__7o6k06b1 useBoxStyles_makeResponsiveStyle_key_bp__7o6k06bh useBoxStyles_makeResponsiveStyle_key_bp__7o6k06bx useBoxStyles_makeResponsiveStyle_key_bp__7o6k06cd useBoxStyles_makeResponsiveStyle_key_bp__7o6k06cx CheckableBase_checkableItem__v1tznp5 Radio_circle_default__lhd8u00 Radio_circle_outer__lhd8u01"
      />
      <div
        class="reset_block__6swfds3 useBoxStyles_position_absolute__7o6k06fe useBoxStyles_border_style__7o6k069k useBoxStyles_border_colour_top_gray__7o6k069m useBoxStyles_border_colour_right_gray__7o6k069y useBoxStyles_border_colour_bottom_gray__7o6k06aa useBoxStyles_border_colour_left_gray__7o6k06am useBoxStyles_makeResponsiveStyle_key_bp__7o6k06b9 useBoxStyles_makeResponsiveStyle_key_bp__7o6k06bp useBoxStyles_makeResponsiveStyle_key_bp__7o6k06c5 useBoxStyles_makeResponsiveStyle_key_bp__7o6k06cl useBoxStyles_makeResponsiveStyle_key_bp__7o6k06cx Radio_circle_default__lhd8u00 Radio_circle_inner__lhd8u02"
      />
    </div>
    <label
      class="reset_inlineText__6swfds2 useBoxStyles_width_full__7o6k06fb reset_appearance__6swfds0 reset_cursorPointer__6swfds1 reset_trimmedBlockElement__6swfds5 reset_button__6swfds6 useTextStyles_root__w6to7i0 reset_block__6swfds3 useTextStyles_colours_neutral__w6to7ii useTextStyles_sizes_4__w6to7i4"
    >
      <h1
        class="reset_blockText__6swfdsc useTextStyles_root__w6to7i0 reset_block__6swfds3 useTextStyles_colours_dark__w6to7if useTextStyles_fontWeight_bold__w6to7iq useTextStyles_sizes_8__w6to7i8"
      >
        Hello checkbox
      </h1>
    </label>
  </div>
</div>
`;

exports[`<RadioButton /> when with component child should render the component child 1`] = `
<h1
  class="reset_blockText__6swfdsc useTextStyles_root__w6to7i0 reset_block__6swfds3 useTextStyles_colours_dark__w6to7if useTextStyles_fontWeight_bold__w6to7iq useTextStyles_sizes_8__w6to7i8"
>
  Hello checkbox
</h1>
`;
