// Vitest Snapshot v1, https://vitest.dev/guide/snapshot.html

exports[`<Section /> > should match the snapshot background and text colour 1`] = `
<div
  class="theme_OD_Base__j49br80"
  data-od-component-provider=""
>
  <div
    class="reset_resetVariants__4z7xt3b reset_resetVariants_as_div__4z7xt3c reset_block__4z7xt33 sprinkles_paddingBottom_6_mobile__onxwjuq3 sprinkles_paddingLeft_6_mobile__onxwjur7 sprinkles_paddingRight_6_mobile__onxwjusb sprinkles_paddingTop_6_mobile__onxwjutf sprinkles_borderRadius_full_mobile__onxwjuaj sprinkles_display_inline-block_mobile__onxwju7f sprinkles_position_relative_mobile__onxwju8r sprinkles_backgroundColor_gray900__onxwju3l"
  >
    <span
      class="reset_resetVariants__4z7xt3b reset_resetVariants_as_span__4z7xt3k  reset_resetVariants__4z7xt3b reset_resetVariants_as_span__4z7xt3k  sprinkles_fontSize_2__onxwju1z sprinkles_lineHeight_2__onxwju28 sprinkles_fontWeight_bold__onxwju2i sprinkles_color_danger__onxwju6m typography_typographyStyles__yhjp330 typography_typographyStyles_noWrap_true__yhjp332 TextBubble_bubbleText__bqog00 reset_resetVariants__4z7xt3b reset_resetVariants_as_div__4z7xt3c reset_block__4z7xt33 sprinkles_paddingLeft_1_mobile__onxwjuqn sprinkles_paddingRight_1_mobile__onxwjurr sprinkles_position_absolute_mobile__onxwju8v sprinkles_overflow_hidden_mobile__onxwju7r sprinkles_width_full_mobile__onxwjufb"
    >
      ERROR
    </span>
  </div>
</div>
`;

exports[`<Section /> > should match the snapshot for standard label 1`] = `
<div
  class="theme_OD_Base__j49br80"
  data-od-component-provider=""
>
  <div
    class="reset_resetVariants__4z7xt3b reset_resetVariants_as_div__4z7xt3c reset_block__4z7xt33 sprinkles_paddingBottom_6_mobile__onxwjuq3 sprinkles_paddingLeft_6_mobile__onxwjur7 sprinkles_paddingRight_6_mobile__onxwjusb sprinkles_paddingTop_6_mobile__onxwjutf sprinkles_borderRadius_full_mobile__onxwjuaj sprinkles_display_inline-block_mobile__onxwju7f sprinkles_position_relative_mobile__onxwju8r sprinkles_backgroundColor_gray900__onxwju3l"
  >
    <span
      class="reset_resetVariants__4z7xt3b reset_resetVariants_as_span__4z7xt3k  reset_resetVariants__4z7xt3b reset_resetVariants_as_span__4z7xt3k  sprinkles_fontSize_2__onxwju1z sprinkles_lineHeight_2__onxwju28 sprinkles_fontWeight_bold__onxwju2i sprinkles_color_white__onxwju6i typography_typographyStyles__yhjp330 typography_typographyStyles_noWrap_true__yhjp332 TextBubble_bubbleText__bqog00 reset_resetVariants__4z7xt3b reset_resetVariants_as_div__4z7xt3c reset_block__4z7xt33 sprinkles_paddingLeft_1_mobile__onxwjuqn sprinkles_paddingRight_1_mobile__onxwjurr sprinkles_position_absolute_mobile__onxwju8v sprinkles_overflow_hidden_mobile__onxwju7r sprinkles_width_full_mobile__onxwjufb"
    >
      PASS
    </span>
  </div>
</div>
`;
