// Jest Snapshot v1, https://goo.gl/fbAQLP

exports[`<NotchedBase /> should match snapshot for active notch 1`] = `
<div
  class="reset_block__1oah0223 useBoxStyles_makeResponsiveStyle_key_bp__3xgq1l10 useBoxStyles_makeResponsiveStyle_key_bp__3xgq1l24 useBoxStyles_makeResponsiveStyle_key_bp__3xgq1l38 useBoxStyles_makeResponsiveStyle_key_bp__3xgq1l4c useBoxStyles_width_full__3xgq1lfb useBoxStyles_position_relative__3xgq1lfg NotchedBase_root__1ft8sxl0"
>
  <div
    class="reset_block__1oah0223 useBoxStyles_display_flex__3xgq1lfq useBoxStyles_width_full__3xgq1lfb useBoxStyles_height_full__3xgq1lfd useBoxStyles_position_absolute__3xgq1lfe useBoxStyles_textAlign_left__3xgq1lfh useBoxStyles_pointerEvents_none__3xgq1lhs NotchedBase_borderVisualDefaults__1ft8sxl2 NotchedBase_borders_root_default__1ft8sxl4"
  >
    <div
      class="NotchedBase_borderRegionDefaults__1ft8sxl1 NotchedBase_borders_leading__1ft8sxl6"
    />
    <div
      class="NotchedBase_borderRegionDefaults__1ft8sxl1 NotchedBase_borders_middle__1ft8sxl7"
    >
      <div
        class="reset_block__1oah0223 useBoxStyles_makeResponsiveStyle_key_bp__3xgq1l18 useBoxStyles_makeResponsiveStyle_key_bp__3xgq1l3g useBoxStyles_display_block__3xgq1lfp useTextStyles_root__1xnpmd70 reset_block__1oah0223 useTextStyles_colours_neutral__1xnpmd7i useTextStyles_noWrap__1xnpmd7r useTextStyles_sizes_4__1xnpmd74 NotchedBase_notchGapPlaceholder__1ft8sxl3"
      >
        placeholder something
      </div>
      <label
        class="reset_inlineText__1oah0222 useBoxStyles_makeResponsiveStyle_key_bp__3xgq1l10 useBoxStyles_makeResponsiveStyle_key_bp__3xgq1l24 useBoxStyles_makeResponsiveStyle_key_bp__3xgq1l38 useBoxStyles_makeResponsiveStyle_key_bp__3xgq1l4c useBoxStyles_makeResponsiveStyle_key_bp__3xgq1l5g useBoxStyles_makeResponsiveStyle_key_bp__3xgq1l6k useBoxStyles_makeResponsiveStyle_key_bp__3xgq1l7o useBoxStyles_makeResponsiveStyle_key_bp__3xgq1l8s useBoxStyles_display_inline__3xgq1lft useBoxStyles_position_absolute__3xgq1lfe useBoxStyles_pointerEvents_none__3xgq1lhs NotchedBase_placeholder_default__1ft8sxlt useTextStyles_root__1xnpmd70 reset_block__1oah0223 useTextStyles_colours_neutral__1xnpmd7i useTextStyles_noWrap__1xnpmd7r useTextStyles_sizes_4__1xnpmd74 NotchedBase_placeholderPlacement_medium_shifted__1ft8sxl10"
      >
        placeholder something
      </label>
    </div>
    <div
      class="NotchedBase_borderRegionDefaults__1ft8sxl1 NotchedBase_borders_trailing__1ft8sxl8"
    />
  </div>
</div>
`;

exports[`<NotchedBase /> should match snapshot for default notch 1`] = `
<div
  class="reset_block__1oah0223 useBoxStyles_makeResponsiveStyle_key_bp__3xgq1l10 useBoxStyles_makeResponsiveStyle_key_bp__3xgq1l24 useBoxStyles_makeResponsiveStyle_key_bp__3xgq1l38 useBoxStyles_makeResponsiveStyle_key_bp__3xgq1l4c useBoxStyles_width_full__3xgq1lfb useBoxStyles_position_relative__3xgq1lfg NotchedBase_root__1ft8sxl0"
>
  <div
    class="reset_block__1oah0223 useBoxStyles_display_flex__3xgq1lfq useBoxStyles_width_full__3xgq1lfb useBoxStyles_height_full__3xgq1lfd useBoxStyles_position_absolute__3xgq1lfe useBoxStyles_textAlign_left__3xgq1lfh useBoxStyles_pointerEvents_none__3xgq1lhs NotchedBase_borderVisualDefaults__1ft8sxl2 NotchedBase_borders_root_default__1ft8sxl4"
  >
    <div
      class="NotchedBase_borderRegionDefaults__1ft8sxl1 NotchedBase_borders_leading__1ft8sxl6"
    />
    <div
      class="NotchedBase_borderRegionDefaults__1ft8sxl1 NotchedBase_borders_middle__1ft8sxl7"
    >
      <div
        class="reset_block__1oah0223 useBoxStyles_makeResponsiveStyle_key_bp__3xgq1l18 useBoxStyles_makeResponsiveStyle_key_bp__3xgq1l3g useBoxStyles_display_block__3xgq1lfp useTextStyles_root__1xnpmd70 reset_block__1oah0223 useTextStyles_colours_neutral__1xnpmd7i useTextStyles_noWrap__1xnpmd7r useTextStyles_sizes_4__1xnpmd74 NotchedBase_notchGapPlaceholder__1ft8sxl3"
      >
        placeholder something
      </div>
      <label
        class="reset_inlineText__1oah0222 useBoxStyles_makeResponsiveStyle_key_bp__3xgq1l10 useBoxStyles_makeResponsiveStyle_key_bp__3xgq1l24 useBoxStyles_makeResponsiveStyle_key_bp__3xgq1l38 useBoxStyles_makeResponsiveStyle_key_bp__3xgq1l4c useBoxStyles_makeResponsiveStyle_key_bp__3xgq1l5g useBoxStyles_makeResponsiveStyle_key_bp__3xgq1l6k useBoxStyles_makeResponsiveStyle_key_bp__3xgq1l7o useBoxStyles_makeResponsiveStyle_key_bp__3xgq1l8s useBoxStyles_display_inline__3xgq1lft useBoxStyles_position_absolute__3xgq1lfe useBoxStyles_pointerEvents_none__3xgq1lhs NotchedBase_placeholder_default__1ft8sxlt useTextStyles_root__1xnpmd70 reset_block__1oah0223 useTextStyles_colours_neutral__1xnpmd7i useTextStyles_noWrap__1xnpmd7r useTextStyles_sizes_4__1xnpmd74 NotchedBase_placeholderPlacement_medium_shifted__1ft8sxl10"
      >
        placeholder something
      </label>
    </div>
    <div
      class="NotchedBase_borderRegionDefaults__1ft8sxl1 NotchedBase_borders_trailing__1ft8sxl8"
    />
  </div>
</div>
`;

exports[`<NotchedBase /> should match snapshot for dirty and active notch 1`] = `
<div
  class="reset_block__1oah0223 useBoxStyles_makeResponsiveStyle_key_bp__3xgq1l10 useBoxStyles_makeResponsiveStyle_key_bp__3xgq1l24 useBoxStyles_makeResponsiveStyle_key_bp__3xgq1l38 useBoxStyles_makeResponsiveStyle_key_bp__3xgq1l4c useBoxStyles_width_full__3xgq1lfb useBoxStyles_position_relative__3xgq1lfg NotchedBase_root__1ft8sxl0"
>
  <div
    class="reset_block__1oah0223 useBoxStyles_display_flex__3xgq1lfq useBoxStyles_width_full__3xgq1lfb useBoxStyles_height_full__3xgq1lfd useBoxStyles_position_absolute__3xgq1lfe useBoxStyles_textAlign_left__3xgq1lfh useBoxStyles_pointerEvents_none__3xgq1lhs NotchedBase_borderVisualDefaults__1ft8sxl2 NotchedBase_borders_root_default__1ft8sxl4"
  >
    <div
      class="NotchedBase_borderRegionDefaults__1ft8sxl1 NotchedBase_borders_leading__1ft8sxl6"
    />
    <div
      class="NotchedBase_borderRegionDefaults__1ft8sxl1 NotchedBase_borders_middle__1ft8sxl7"
    >
      <div
        class="reset_block__1oah0223 useBoxStyles_makeResponsiveStyle_key_bp__3xgq1l18 useBoxStyles_makeResponsiveStyle_key_bp__3xgq1l3g useBoxStyles_display_block__3xgq1lfp useTextStyles_root__1xnpmd70 reset_block__1oah0223 useTextStyles_colours_neutral__1xnpmd7i useTextStyles_noWrap__1xnpmd7r useTextStyles_sizes_4__1xnpmd74 NotchedBase_notchGapPlaceholder__1ft8sxl3"
      >
        placeholder something
      </div>
      <label
        class="reset_inlineText__1oah0222 useBoxStyles_makeResponsiveStyle_key_bp__3xgq1l10 useBoxStyles_makeResponsiveStyle_key_bp__3xgq1l24 useBoxStyles_makeResponsiveStyle_key_bp__3xgq1l38 useBoxStyles_makeResponsiveStyle_key_bp__3xgq1l4c useBoxStyles_makeResponsiveStyle_key_bp__3xgq1l5g useBoxStyles_makeResponsiveStyle_key_bp__3xgq1l6k useBoxStyles_makeResponsiveStyle_key_bp__3xgq1l7o useBoxStyles_makeResponsiveStyle_key_bp__3xgq1l8s useBoxStyles_display_inline__3xgq1lft useBoxStyles_position_absolute__3xgq1lfe useBoxStyles_pointerEvents_none__3xgq1lhs NotchedBase_placeholder_default__1ft8sxlt useTextStyles_root__1xnpmd70 reset_block__1oah0223 useTextStyles_colours_neutral__1xnpmd7i useTextStyles_noWrap__1xnpmd7r useTextStyles_sizes_4__1xnpmd74 NotchedBase_placeholderPlacement_medium_shifted__1ft8sxl10"
      >
        placeholder something
      </label>
    </div>
    <div
      class="NotchedBase_borderRegionDefaults__1ft8sxl1 NotchedBase_borders_trailing__1ft8sxl8"
    />
  </div>
</div>
`;

exports[`<NotchedBase /> should match snapshot for dirty notch 1`] = `
<div
  class="reset_block__1oah0223 useBoxStyles_makeResponsiveStyle_key_bp__3xgq1l10 useBoxStyles_makeResponsiveStyle_key_bp__3xgq1l24 useBoxStyles_makeResponsiveStyle_key_bp__3xgq1l38 useBoxStyles_makeResponsiveStyle_key_bp__3xgq1l4c useBoxStyles_width_full__3xgq1lfb useBoxStyles_position_relative__3xgq1lfg NotchedBase_root__1ft8sxl0"
>
  <div
    class="reset_block__1oah0223 useBoxStyles_display_flex__3xgq1lfq useBoxStyles_width_full__3xgq1lfb useBoxStyles_height_full__3xgq1lfd useBoxStyles_position_absolute__3xgq1lfe useBoxStyles_textAlign_left__3xgq1lfh useBoxStyles_pointerEvents_none__3xgq1lhs NotchedBase_borderVisualDefaults__1ft8sxl2 NotchedBase_borders_root_default__1ft8sxl4"
  >
    <div
      class="NotchedBase_borderRegionDefaults__1ft8sxl1 NotchedBase_borders_leading__1ft8sxl6"
    />
    <div
      class="NotchedBase_borderRegionDefaults__1ft8sxl1 NotchedBase_borders_middle__1ft8sxl7"
    >
      <div
        class="reset_block__1oah0223 useBoxStyles_makeResponsiveStyle_key_bp__3xgq1l18 useBoxStyles_makeResponsiveStyle_key_bp__3xgq1l3g useBoxStyles_display_block__3xgq1lfp useTextStyles_root__1xnpmd70 reset_block__1oah0223 useTextStyles_colours_neutral__1xnpmd7i useTextStyles_noWrap__1xnpmd7r useTextStyles_sizes_4__1xnpmd74 NotchedBase_notchGapPlaceholder__1ft8sxl3"
      >
        placeholder something
      </div>
      <label
        class="reset_inlineText__1oah0222 useBoxStyles_makeResponsiveStyle_key_bp__3xgq1l10 useBoxStyles_makeResponsiveStyle_key_bp__3xgq1l24 useBoxStyles_makeResponsiveStyle_key_bp__3xgq1l38 useBoxStyles_makeResponsiveStyle_key_bp__3xgq1l4c useBoxStyles_makeResponsiveStyle_key_bp__3xgq1l5g useBoxStyles_makeResponsiveStyle_key_bp__3xgq1l6k useBoxStyles_makeResponsiveStyle_key_bp__3xgq1l7o useBoxStyles_makeResponsiveStyle_key_bp__3xgq1l8s useBoxStyles_display_inline__3xgq1lft useBoxStyles_position_absolute__3xgq1lfe useBoxStyles_pointerEvents_none__3xgq1lhs NotchedBase_placeholder_default__1ft8sxlt useTextStyles_root__1xnpmd70 reset_block__1oah0223 useTextStyles_colours_neutral__1xnpmd7i useTextStyles_noWrap__1xnpmd7r useTextStyles_sizes_4__1xnpmd74 NotchedBase_placeholderPlacement_medium_shifted__1ft8sxl10"
      >
        placeholder something
      </label>
    </div>
    <div
      class="NotchedBase_borderRegionDefaults__1ft8sxl1 NotchedBase_borders_trailing__1ft8sxl8"
    />
  </div>
</div>
`;
