// Vitest Snapshot v1, https://vitest.dev/guide/snapshot.html

exports[`<BulletList /> > should match the snapshot 1`] = `
<div
  class="theme_OD_Base__j49br80"
  data-od-component="provider"
>
  <ul
    class="elementReset_resetVariants__18vhvlid elementReset_resetVariants_as_ul__18vhvliz elementReset_list__18vhvli7 BulletList_root__4koeg0 BulletList_firstOccurrence__4koeg1"
    data-od-component="bullet-list"
  />
</div>
`;
