// Jest Snapshot v1, https://goo.gl/fbAQLP

exports[`<Positioner /> should match snapshot 1`] = `
<Component
  alignment="bottom"
  isOpen={true}
  triggerRef={
    Object {
      "current": null,
    }
  }
>
  <Portal
    containerInfo={
      <body>
        <div
          class="root"
        >
          Some body
        </div>
      </body>
    }
  >
    <div
      className="root"
      style={Object {}}
    >
      <Component
        alignment="bottom"
        isOpen={true}
      >
        Some body
      </Component>
    </div>
  </Portal>
</Component>
`;
