// Vitest Snapshot v1, https://vitest.dev/guide/snapshot.html

exports[`<Positioner /> > should match snapshot 1`] = `
<body
  class="theme_OD_Base__j49br80"
>
  <div>
    <div
      class="theme_OD_Base__j49br80"
      data-od-component="provider"
    />
  </div>
  <div
    class="theme_OD_Base__j49br80"
  >
    <div
      aria-hidden="false"
      class="element_resetVariants__1en4q4gd element_resetVariants_as_div__1en4q4ge element_block__1en4q4g4 sprinkles_position_fixed_mobile__onxwju9g Positioner_root__1d54b7d0"
    >
      Some body
    </div>
  </div>
</body>
`;
