// Vitest Snapshot v1, https://vitest.dev/guide/snapshot.html

exports[`<Pagination /> > should match snapshot for loading phase 1`] = `
<div
  class="theme_OD_Base__j49br80"
  data-od-component="provider"
>
  <span
    class="reset_resetVariants__4z7xt3d reset_resetVariants_as_span__4z7xt3m  sprinkles_display_flex_mobile__onxwju7c sprinkles_position_relative_mobile__onxwju98 sprinkles_alignItems_center_mobile__onxwjuko sprinkles_flexDirection_row_mobile__onxwjuos sprinkles_flexWrap_wrap_mobile__onxwjuq0 useNegativeMarginTop_makeResponsiveStyle_key_bp__rvovxw8 useNegativeMarginLeft_makeResponsiveStyle_key_bp__10sqwm28"
  >
    <div
      class="reset_resetVariants__4z7xt3d reset_resetVariants_as_div__4z7xt3e reset_block__4z7xt34 sprinkles_display_flex_mobile__onxwju7c sprinkles_alignItems_center_mobile__onxwjuko sprinkles_flexDirection_row_mobile__onxwjuos sprinkles_flexWrap_nowrap_mobile__onxwjupw sprinkles_paddingLeft_3_mobile__onxwjutk sprinkles_paddingTop_3_mobile__onxwjuvs"
    >
      <button
        aria-disabled="true"
        aria-label=""
        class="reset_resetVariants__4z7xt3d reset_resetVariants_as_button__4z7xt312 reset_trimmedElement__4z7xt30 reset_button__4z7xt35 sprinkles_paddingBottom_2_mobile__onxwjusc sprinkles_paddingLeft_2_mobile__onxwjutg sprinkles_paddingRight_2_mobile__onxwjuuk sprinkles_paddingTop_2_mobile__onxwjuvo sprinkles_display_flex_mobile__onxwju7c sprinkles_overflow_hidden_mobile__onxwju88 sprinkles_pointerEvents_none__onxwju6g sprinkles_userSelect_none__onxwju6j sprinkles_textAlign_center_mobile__onxwju9s sprinkles_borderRadius_pill_mobile__onxwjub0 sprinkles_alignItems_center_mobile__onxwjuko sprinkles_flexDirection_row_mobile__onxwjuos sprinkles_justifyContent_center_mobile__onxwjulk reset_resetVariants__4z7xt3d reset_resetVariants_as_div__4z7xt3e reset_block__4z7xt34 sprinkles_color_light__onxwju6u typography_typographyStyles__yhjp330 Pagination_disabled__9nf7kx0"
      >
        <span
          class="reset_resetVariants__4z7xt3d reset_resetVariants_as_span__4z7xt3m  sprinkles_display_block_mobile__onxwju74 Icon_makeResponsiveStyle_key_bp__1gy3ire4"
        >
          <svg
            aria-hidden="true"
            class="reset_resetVariants__4z7xt3d reset_resetVariants_as_div__4z7xt3e reset_block__4z7xt34 sprinkles_display_block_mobile__onxwju74 sprinkles_width_full_mobile__onxwjufw sprinkles_height_full_mobile__onxwjuec"
            fill="currentColor"
            focusable="false"
            viewBox="0 0 24 24"
            xmlns="http://www.w3.org/2000/svg"
          >
            <path
              d="M15.414 16.584l-4.586-4.586 4.586-4.586-1.415-1.414-6 6 6 6 1.415-1.414z"
            />
          </svg>
        </span>
      </button>
    </div>
    <div
      class="reset_resetVariants__4z7xt3d reset_resetVariants_as_div__4z7xt3e reset_block__4z7xt34 sprinkles_display_flex_mobile__onxwju7c sprinkles_alignItems_center_mobile__onxwjuko sprinkles_flexDirection_row_mobile__onxwjuos sprinkles_flexWrap_nowrap_mobile__onxwjupw sprinkles_paddingLeft_3_mobile__onxwjutk sprinkles_paddingTop_3_mobile__onxwjuvs"
    >
      <button
        class="reset_resetVariants__4z7xt3d reset_resetVariants_as_button__4z7xt312 reset_trimmedElement__4z7xt30 reset_button__4z7xt35 sprinkles_display_flex_mobile__onxwju7c sprinkles_overflow_hidden_mobile__onxwju88 sprinkles_pointerEvents_none__onxwju6g sprinkles_backgroundColour_gray200__onxwju47 sprinkles_textAlign_center_mobile__onxwju9s sprinkles_borderRadius_pill_mobile__onxwjub0 sprinkles_alignItems_center_mobile__onxwjuko sprinkles_flexDirection_row_mobile__onxwjuos sprinkles_justifyContent_center_mobile__onxwjulk Pagination_disabled__9nf7kx0 reset_resetVariants__4z7xt3d reset_resetVariants_as_div__4z7xt3e reset_block__4z7xt34 sprinkles_fontSize_3__onxwju5m sprinkles_lineHeight_3__onxwju5v sprinkles_fontWeight_bold__onxwju64 sprinkles_color_light__onxwju6u typography_typographyStyles__yhjp330 Pagination_activeItem__9nf7kx2"
      />
    </div>
    <div
      class="reset_resetVariants__4z7xt3d reset_resetVariants_as_div__4z7xt3e reset_block__4z7xt34 sprinkles_display_flex_mobile__onxwju7c sprinkles_alignItems_center_mobile__onxwjuko sprinkles_flexDirection_row_mobile__onxwjuos sprinkles_flexWrap_nowrap_mobile__onxwjupw sprinkles_paddingLeft_3_mobile__onxwjutk sprinkles_paddingTop_3_mobile__onxwjuvs"
    >
      <button
        class="reset_resetVariants__4z7xt3d reset_resetVariants_as_button__4z7xt312 reset_trimmedElement__4z7xt30 reset_button__4z7xt35 sprinkles_display_flex_mobile__onxwju7c sprinkles_overflow_hidden_mobile__onxwju88 sprinkles_pointerEvents_none__onxwju6g sprinkles_backgroundColour_gray200__onxwju47 sprinkles_textAlign_center_mobile__onxwju9s sprinkles_borderRadius_pill_mobile__onxwjub0 sprinkles_alignItems_center_mobile__onxwjuko sprinkles_flexDirection_row_mobile__onxwjuos sprinkles_justifyContent_center_mobile__onxwjulk Pagination_disabled__9nf7kx0 reset_resetVariants__4z7xt3d reset_resetVariants_as_div__4z7xt3e reset_block__4z7xt34 sprinkles_fontSize_3__onxwju5m sprinkles_lineHeight_3__onxwju5v sprinkles_fontWeight_bold__onxwju64 sprinkles_color_light__onxwju6u typography_typographyStyles__yhjp330 Pagination_activeItem__9nf7kx2"
      />
    </div>
    <div
      class="reset_resetVariants__4z7xt3d reset_resetVariants_as_div__4z7xt3e reset_block__4z7xt34 sprinkles_display_flex_mobile__onxwju7c sprinkles_alignItems_center_mobile__onxwjuko sprinkles_flexDirection_row_mobile__onxwjuos sprinkles_flexWrap_nowrap_mobile__onxwjupw sprinkles_paddingLeft_3_mobile__onxwjutk sprinkles_paddingTop_3_mobile__onxwjuvs"
    >
      <button
        class="reset_resetVariants__4z7xt3d reset_resetVariants_as_button__4z7xt312 reset_trimmedElement__4z7xt30 reset_button__4z7xt35 sprinkles_display_flex_mobile__onxwju7c sprinkles_overflow_hidden_mobile__onxwju88 sprinkles_pointerEvents_none__onxwju6g sprinkles_backgroundColour_gray200__onxwju47 sprinkles_textAlign_center_mobile__onxwju9s sprinkles_borderRadius_pill_mobile__onxwjub0 sprinkles_alignItems_center_mobile__onxwjuko sprinkles_flexDirection_row_mobile__onxwjuos sprinkles_justifyContent_center_mobile__onxwjulk Pagination_disabled__9nf7kx0 reset_resetVariants__4z7xt3d reset_resetVariants_as_div__4z7xt3e reset_block__4z7xt34 sprinkles_fontSize_3__onxwju5m sprinkles_lineHeight_3__onxwju5v sprinkles_fontWeight_bold__onxwju64 sprinkles_color_light__onxwju6u typography_typographyStyles__yhjp330 Pagination_activeItem__9nf7kx2"
      />
    </div>
    <div
      class="reset_resetVariants__4z7xt3d reset_resetVariants_as_div__4z7xt3e reset_block__4z7xt34 sprinkles_display_flex_mobile__onxwju7c sprinkles_alignItems_center_mobile__onxwjuko sprinkles_flexDirection_row_mobile__onxwjuos sprinkles_flexWrap_nowrap_mobile__onxwjupw sprinkles_paddingLeft_3_mobile__onxwjutk sprinkles_paddingTop_3_mobile__onxwjuvs"
    >
      <button
        aria-disabled="true"
        aria-label=""
        class="reset_resetVariants__4z7xt3d reset_resetVariants_as_button__4z7xt312 reset_trimmedElement__4z7xt30 reset_button__4z7xt35 sprinkles_paddingBottom_2_mobile__onxwjusc sprinkles_paddingLeft_2_mobile__onxwjutg sprinkles_paddingRight_2_mobile__onxwjuuk sprinkles_paddingTop_2_mobile__onxwjuvo sprinkles_display_flex_mobile__onxwju7c sprinkles_overflow_hidden_mobile__onxwju88 sprinkles_pointerEvents_none__onxwju6g sprinkles_userSelect_none__onxwju6j sprinkles_textAlign_center_mobile__onxwju9s sprinkles_borderRadius_pill_mobile__onxwjub0 sprinkles_alignItems_center_mobile__onxwjuko sprinkles_flexDirection_row_mobile__onxwjuos sprinkles_justifyContent_center_mobile__onxwjulk reset_resetVariants__4z7xt3d reset_resetVariants_as_div__4z7xt3e reset_block__4z7xt34 sprinkles_color_light__onxwju6u typography_typographyStyles__yhjp330 Pagination_disabled__9nf7kx0"
      >
        <span
          class="reset_resetVariants__4z7xt3d reset_resetVariants_as_span__4z7xt3m  sprinkles_display_block_mobile__onxwju74 Icon_makeResponsiveStyle_key_bp__1gy3ire4"
        >
          <svg
            aria-hidden="true"
            class="reset_resetVariants__4z7xt3d reset_resetVariants_as_div__4z7xt3e reset_block__4z7xt34 sprinkles_display_block_mobile__onxwju74 sprinkles_width_full_mobile__onxwjufw sprinkles_height_full_mobile__onxwjuec"
            fill="currentColor"
            focusable="false"
            viewBox="0 0 24 24"
            xmlns="http://www.w3.org/2000/svg"
          >
            <path
              d="M8.585 16.584l4.586-4.586-4.586-4.586L10 5.998l6 6-6 6-1.414-1.414z"
            />
          </svg>
        </span>
      </button>
    </div>
  </span>
</div>
`;
